Archive member included to satisfy reference by file (symbol)

d:/stmcute/stm32cubeide_1.7.0/stm32cubeide/plugins/com.st.stm32cube.ide.mcu.externaltools.gnu-tools-for-stm32.9-2020-q2-update.win32_2.0.0.202105311346/tools/bin/../lib/gcc/arm-none-eabi/9.3.1/../../../../arm-none-eabi/lib/thumb/v7-m/nofp\libc_nano.a(lib_a-errno.o)
                              ./Core/Src/syscalls.o (__errno)
d:/stmcute/stm32cubeide_1.7.0/stm32cubeide/plugins/com.st.stm32cube.ide.mcu.externaltools.gnu-tools-for-stm32.9-2020-q2-update.win32_2.0.0.202105311346/tools/bin/../lib/gcc/arm-none-eabi/9.3.1/../../../../arm-none-eabi/lib/thumb/v7-m/nofp\libc_nano.a(lib_a-exit.o)
                              d:/stmcute/stm32cubeide_1.7.0/stm32cubeide/plugins/com.st.stm32cube.ide.mcu.externaltools.gnu-tools-for-stm32.9-2020-q2-update.win32_2.0.0.202105311346/tools/bin/../lib/gcc/arm-none-eabi/9.3.1/../../../../arm-none-eabi/lib/thumb/v7-m/nofp/crt0.o (exit)
d:/stmcute/stm32cubeide_1.7.0/stm32cubeide/plugins/com.st.stm32cube.ide.mcu.externaltools.gnu-tools-for-stm32.9-2020-q2-update.win32_2.0.0.202105311346/tools/bin/../lib/gcc/arm-none-eabi/9.3.1/../../../../arm-none-eabi/lib/thumb/v7-m/nofp\libc_nano.a(lib_a-impure.o)
                              d:/stmcute/stm32cubeide_1.7.0/stm32cubeide/plugins/com.st.stm32cube.ide.mcu.externaltools.gnu-tools-for-stm32.9-2020-q2-update.win32_2.0.0.202105311346/tools/bin/../lib/gcc/arm-none-eabi/9.3.1/../../../../arm-none-eabi/lib/thumb/v7-m/nofp\libc_nano.a(lib_a-exit.o) (_global_impure_ptr)
d:/stmcute/stm32cubeide_1.7.0/stm32cubeide/plugins/com.st.stm32cube.ide.mcu.externaltools.gnu-tools-for-stm32.9-2020-q2-update.win32_2.0.0.202105311346/tools/bin/../lib/gcc/arm-none-eabi/9.3.1/../../../../arm-none-eabi/lib/thumb/v7-m/nofp\libc_nano.a(lib_a-init.o)
                              d:/stmcute/stm32cubeide_1.7.0/stm32cubeide/plugins/com.st.stm32cube.ide.mcu.externaltools.gnu-tools-for-stm32.9-2020-q2-update.win32_2.0.0.202105311346/tools/bin/../lib/gcc/arm-none-eabi/9.3.1/../../../../arm-none-eabi/lib/thumb/v7-m/nofp/crt0.o (__libc_init_array)
d:/stmcute/stm32cubeide_1.7.0/stm32cubeide/plugins/com.st.stm32cube.ide.mcu.externaltools.gnu-tools-for-stm32.9-2020-q2-update.win32_2.0.0.202105311346/tools/bin/../lib/gcc/arm-none-eabi/9.3.1/../../../../arm-none-eabi/lib/thumb/v7-m/nofp\libc_nano.a(lib_a-memset.o)
                              d:/stmcute/stm32cubeide_1.7.0/stm32cubeide/plugins/com.st.stm32cube.ide.mcu.externaltools.gnu-tools-for-stm32.9-2020-q2-update.win32_2.0.0.202105311346/tools/bin/../lib/gcc/arm-none-eabi/9.3.1/../../../../arm-none-eabi/lib/thumb/v7-m/nofp/crt0.o (memset)
d:/stmcute/stm32cubeide_1.7.0/stm32cubeide/plugins/com.st.stm32cube.ide.mcu.externaltools.gnu-tools-for-stm32.9-2020-q2-update.win32_2.0.0.202105311346/tools/bin/../lib/gcc/arm-none-eabi/9.3.1/../../../../arm-none-eabi/lib/thumb/v7-m/nofp\libc_nano.a(lib_a-sprintf.o)
                              ./Core/Src/UART_Communication.o (sprintf)
d:/stmcute/stm32cubeide_1.7.0/stm32cubeide/plugins/com.st.stm32cube.ide.mcu.externaltools.gnu-tools-for-stm32.9-2020-q2-update.win32_2.0.0.202105311346/tools/bin/../lib/gcc/arm-none-eabi/9.3.1/../../../../arm-none-eabi/lib/thumb/v7-m/nofp\libc_nano.a(lib_a-nano-svfprintf.o)
                              d:/stmcute/stm32cubeide_1.7.0/stm32cubeide/plugins/com.st.stm32cube.ide.mcu.externaltools.gnu-tools-for-stm32.9-2020-q2-update.win32_2.0.0.202105311346/tools/bin/../lib/gcc/arm-none-eabi/9.3.1/../../../../arm-none-eabi/lib/thumb/v7-m/nofp\libc_nano.a(lib_a-sprintf.o) (_svfprintf_r)
d:/stmcute/stm32cubeide_1.7.0/stm32cubeide/plugins/com.st.stm32cube.ide.mcu.externaltools.gnu-tools-for-stm32.9-2020-q2-update.win32_2.0.0.202105311346/tools/bin/../lib/gcc/arm-none-eabi/9.3.1/../../../../arm-none-eabi/lib/thumb/v7-m/nofp\libc_nano.a(lib_a-nano-vfprintf_i.o)
                              d:/stmcute/stm32cubeide_1.7.0/stm32cubeide/plugins/com.st.stm32cube.ide.mcu.externaltools.gnu-tools-for-stm32.9-2020-q2-update.win32_2.0.0.202105311346/tools/bin/../lib/gcc/arm-none-eabi/9.3.1/../../../../arm-none-eabi/lib/thumb/v7-m/nofp\libc_nano.a(lib_a-nano-svfprintf.o) (_printf_i)
d:/stmcute/stm32cubeide_1.7.0/stm32cubeide/plugins/com.st.stm32cube.ide.mcu.externaltools.gnu-tools-for-stm32.9-2020-q2-update.win32_2.0.0.202105311346/tools/bin/../lib/gcc/arm-none-eabi/9.3.1/../../../../arm-none-eabi/lib/thumb/v7-m/nofp\libc_nano.a(lib_a-memchr-stub.o)
                              d:/stmcute/stm32cubeide_1.7.0/stm32cubeide/plugins/com.st.stm32cube.ide.mcu.externaltools.gnu-tools-for-stm32.9-2020-q2-update.win32_2.0.0.202105311346/tools/bin/../lib/gcc/arm-none-eabi/9.3.1/../../../../arm-none-eabi/lib/thumb/v7-m/nofp\libc_nano.a(lib_a-nano-svfprintf.o) (memchr)
[...]
Memory Configuration

Name             Origin             Length             Attributes
RAM              0x0000000020000000 0x0000000000005000 xrw
FLASH            0x0000000008000000 0x0000000000020000 xr
*default*        0x0000000000000000 0xffffffffffffffff

Linker script and memory map

LOAD d:/stmcute/stm32cubeide_1.7.0/stm32cubeide/plugins/com.st.stm32cube.ide.mcu.externaltools.gnu-tools-for-stm32.9-2020-q2-update.win32_2.0.0.202105311346/tools/bin/../lib/gcc/arm-none-eabi/9.3.1/thumb/v7-m/nofp/crti.o
LOAD d:/stmcute/stm32cubeide_1.7.0/stm32cubeide/plugins/com.st.stm32cube.ide.mcu.externaltools.gnu-tools-for-stm32.9-2020-q2-update.win32_2.0.0.202105311346/tools/bin/../lib/gcc/arm-none-eabi/9.3.1/thumb/v7-m/nofp/crtbegin.o
LOAD d:/stmcute/stm32cubeide_1.7.0/stm32cubeide/plugins/com.st.stm32cube.ide.mcu.externaltools.gnu-tools-for-stm32.9-2020-q2-update.win32_2.0.0.202105311346/tools/bin/../lib/gcc/arm-none-eabi/9.3.1/../../../../arm-none-eabi/lib/thumb/v7-m/nofp/crt0.o
LOAD ./Core/Src/FSM_AUTOMODE.o
LOAD ./Core/Src/FSM_MANUALMODE.o
LOAD ./Core/Src/FSM_PEDESTRIANMODE.o
LOAD ./Core/Src/FSM_SETTINGMODE.o
LOAD ./Core/Src/UART_Communication.o
LOAD ./Core/Src/button.o
LOAD ./Core/Src/displayalLED.o
LOAD ./Core/Src/global_variable.o
LOAD ./Core/Src/main.o
LOAD ./Core/Src/scheduler.o
LOAD ./Core/Src/software_timer.o
LOAD ./Core/Src/stm32f1xx_hal_msp.o
LOAD ./Core/Src/stm32f1xx_it.o
LOAD ./Core/Src/syscalls.o
LOAD ./Core/Src/sysmem.o
LOAD ./Core/Src/system_stm32f1xx.o
LOAD ./Core/Startup/startup_stm32f103rbtx.o
LOAD ./Drivers/STM32F1xx_HAL_Driver/Src/stm32f1xx_hal.o
LOAD ./Drivers/STM32F1xx_HAL_Driver/Src/stm32f1xx_hal_cortex.o
LOAD ./Drivers/STM32F1xx_HAL_Driver/Src/stm32f1xx_hal_dma.o
LOAD ./Drivers/STM32F1xx_HAL_Driver/Src/stm32f1xx_hal_exti.o
LOAD ./Drivers/STM32F1xx_HAL_Driver/Src/stm32f1xx_hal_flash.o
LOAD ./Drivers/STM32F1xx_HAL_Driver/Src/stm32f1xx_hal_flash_ex.o
LOAD ./Drivers/STM32F1xx_HAL_Driver/Src/stm32f1xx_hal_gpio.o
LOAD ./Drivers/STM32F1xx_HAL_Driver/Src/stm32f1xx_hal_gpio_ex.o
LOAD ./Drivers/STM32F1xx_HAL_Driver/Src/stm32f1xx_hal_pwr.o
LOAD ./Drivers/STM32F1xx_HAL_Driver/Src/stm32f1xx_hal_rcc.o
LOAD ./Drivers/STM32F1xx_HAL_Driver/Src/stm32f1xx_hal_rcc_ex.o
LOAD ./Drivers/STM32F1xx_HAL_Driver/Src/stm32f1xx_hal_tim.o
LOAD ./Drivers/STM32F1xx_HAL_Driver/Src/stm32f1xx_hal_tim_ex.o
LOAD ./Drivers/STM32F1xx_HAL_Driver/Src/stm32f1xx_hal_uart.o
START GROUP
LOAD d:/stmcute/stm32cubeide_1.7.0/stm32cubeide/plugins/com.st.stm32cube.ide.mcu.externaltools.gnu-tools-for-stm32.9-2020-q2-update.win32_2.0.0.202105311346/tools/bin/../lib/gcc/arm-none-eabi/9.3.1/../../../../arm-none-eabi/lib/thumb/v7-m/nofp\libc_nano.a
LOAD d:/stmcute/stm32cubeide_1.7.0/stm32cubeide/plugins/com.st.stm32cube.ide.mcu.externaltools.gnu-tools-for-stm32.9-2020-q2-update.win32_2.0.0.202105311346/tools/bin/../lib/gcc/arm-none-eabi/9.3.1/../../../../arm-none-eabi/lib/thumb/v7-m/nofp\libm.a
END GROUP
START GROUP
LOAD d:/stmcute/stm32cubeide_1.7.0/stm32cubeide/plugins/com.st.stm32cube.ide.mcu.externaltools.gnu-tools-for-stm32.9-2020-q2-update.win32_2.0.0.202105311346/tools/bin/../lib/gcc/arm-none-eabi/9.3.1/thumb/v7-m/nofp\libgcc.a
LOAD d:/stmcute/stm32cubeide_1.7.0/stm32cubeide/plugins/com.st.stm32cube.ide.mcu.externaltools.gnu-tools-for-stm32.9-2020-q2-update.win32_2.0.0.202105311346/tools/bin/../lib/gcc/arm-none-eabi/9.3.1/../../../../arm-none-eabi/lib/thumb/v7-m/nofp\libc_nano.a
END GROUP
START GROUP
LOAD d:/stmcute/stm32cubeide_1.7.0/stm32cubeide/plugins/com.st.stm32cube.ide.mcu.externaltools.gnu-tools-for-stm32.9-2020-q2-update.win32_2.0.0.202105311346/tools/bin/../lib/gcc/arm-none-eabi/9.3.1/thumb/v7-m/nofp\libgcc.a
LOAD d:/stmcute/stm32cubeide_1.7.0/stm32cubeide/plugins/com.st.stm32cube.ide.mcu.externaltools.gnu-tools-for-stm32.9-2020-q2-update.win32_2.0.0.202105311346/tools/bin/../lib/gcc/arm-none-eabi/9.3.1/../../../../arm-none-eabi/lib/thumb/v7-m/nofp\libc_nano.a
LOAD d:/stmcute/stm32cubeide_1.7.0/stm32cubeide/plugins/com.st.stm32cube.ide.mcu.externaltools.gnu-tools-for-stm32.9-2020-q2-update.win32_2.0.0.202105311346/tools/bin/../lib/gcc/arm-none-eabi/9.3.1/../../../../arm-none-eabi/lib/thumb/v7-m/nofp\libnosys.a
END GROUP
START GROUP
LOAD d:/stmcute/stm32cubeide_1.7.0/stm32cubeide/plugins/com.st.stm32cube.ide.mcu.externaltools.gnu-tools-for-stm32.9-2020-q2-update.win32_2.0.0.202105311346/tools/bin/../lib/gcc/arm-none-eabi/9.3.1/thumb/v7-m/nofp\libgcc.a
LOAD d:/stmcute/stm32cubeide_1.7.0/stm32cubeide/plugins/com.st.stm32cube.ide.mcu.externaltools.gnu-tools-for-stm32.9-2020-q2-update.win32_2.0.0.202105311346/tools/bin/../lib/gcc/arm-none-eabi/9.3.1/../../../../arm-none-eabi/lib/thumb/v7-m/nofp\libc_nano.a
LOAD d:/stmcute/stm32cubeide_1.7.0/stm32cubeide/plugins/com.st.stm32cube.ide.mcu.externaltools.gnu-tools-for-stm32.9-2020-q2-update.win32_2.0.0.202105311346/tools/bin/../lib/gcc/arm-none-eabi/9.3.1/../../../../arm-none-eabi/lib/thumb/v7-m/nofp\libnosys.a
END GROUP
LOAD d:/stmcute/stm32cubeide_1.7.0/stm32cubeide/plugins/com.st.stm32cube.ide.mcu.externaltools.gnu-tools-for-stm32.9-2020-q2-update.win32_2.0.0.202105311346/tools/bin/../lib/gcc/arm-none-eabi/9.3.1/thumb/v7-m/nofp/crtend.o
LOAD d:/stmcute/stm32cubeide_1.7.0/stm32cubeide/plugins/com.st.stm32cube.ide.mcu.externaltools.gnu-tools-for-stm32.9-2020-q2-update.win32_2.0.0.202105311346/tools/bin/../lib/gcc/arm-none-eabi/9.3.1/thumb/v7-m/nofp/crtn.o
                0x0000000020005000                _estack = (ORIGIN (RAM) + LENGTH (RAM))
                0x0000000000000200                _Min_Heap_Size = 0x200
                0x0000000000000400                _Min_Stack_Size = 0x400

.isr_vector     0x0000000008000000      0x10c
                0x0000000008000000                . = ALIGN (0x4)
 *(.isr_vector)
 .isr_vector    0x0000000008000000      0x10c ./Core/Startup/startup_stm32f103rbtx.o
                0x0000000008000000                g_pfnVectors
                0x000000000800010c                . = ALIGN (0x4)

.text           0x000000000800010c     0x508c
                0x000000000800010c                . = ALIGN (0x4)
 *(.text)
 .text          0x000000000800010c       0x40 d:/stmcute/stm32cubeide_1.7.0/stm32cubeide/plugins/com.st.stm32cube.ide.mcu.externaltools.gnu-tools-for-stm32.9-2020-q2-update.win32_2.0.0.202105311346/tools/bin/../lib/gcc/arm-none-eabi/9.3.1/thumb/v7-m/nofp/crtbegin.o
 *(.text*)
 .text.fsm_automode
                0x000000000800014c      0x338 ./Core/Src/FSM_AUTOMODE.o
                0x000000000800014c                fsm_automode
 .text.fsm_manual_mode
                0x0000000008000484      0x2bc ./Core/Src/FSM_MANUALMODE.o
                0x0000000008000484                fsm_manual_mode
 .text.fsm_pedes_mode
                0x0000000008000740       0xc0 ./Core/Src/FSM_PEDESTRIANMODE.o
                0x0000000008000740                fsm_pedes_mode
 .text.fsm_tunning_mode
                0x0000000008000800      0x230 ./Core/Src/FSM_SETTINGMODE.o
                0x0000000008000800                fsm_tunning_mode
 .text.sendDATA
                0x0000000008000a30       0xe0 ./Core/Src/UART_Communication.o
                0x0000000008000a30                sendDATA
 .text.sendVALUE_SETTING
                0x0000000008000b10       0x78 ./Core/Src/UART_Communication.o
                0x0000000008000b10                sendVALUE_SETTING
 .text.Buzzer_RUN
                0x0000000008000b88       0xe0 ./Core/Src/UART_Communication.o
                0x0000000008000b88                Buzzer_RUN
 .text.iKeyInput
                0x0000000008000c68       0x68 ./Core/Src/button.o
                0x0000000008000c68                iKeyInput
 .text.subKeyProcess1
                0x0000000008000cd0       0x20 ./Core/Src/button.o
                0x0000000008000cd0                subKeyProcess1
 .text.subKeyProcess2
                0x0000000008000cf0       0x20 ./Core/Src/button.o
                0x0000000008000cf0                subKeyProcess2
 .text.getKeyInput
                0x0000000008000d10      0x114 ./Core/Src/button.o
                0x0000000008000d10                getKeyInput
 .text.is_button_pressed
                0x0000000008000e24       0x40 ./Core/Src/button.o
                0x0000000008000e24                is_button_pressed
 .text.is_button_pressed_1s
                0x0000000008000e64       0x40 ./Core/Src/button.o
                0x0000000008000e64                is_button_pressed_1s
 .text.ToggleLEDRed
                0x0000000008000ea4       0x80 ./Core/Src/displayalLED.o
                0x0000000008000ea4                ToggleLEDRed
 .text.ToggleLEDYellow
                0x0000000008000f24       0x80 ./Core/Src/displayalLED.o
                0x0000000008000f24                ToggleLEDYellow
 .text.ToggleLEDGreen
                0x0000000008000fa4       0x80 ./Core/Src/displayalLED.o
                0x0000000008000fa4                ToggleLEDGreen
 .text.ToggleLEDPedestrian
                0x0000000008001024       0x74 ./Core/Src/displayalLED.o
                0x0000000008001024                ToggleLEDPedestrian
 .text.clearLED
                0x0000000008001098       0x80 ./Core/Src/displayalLED.o
                0x0000000008001098                clearLED
 .text.main     0x0000000008001118       0x8c ./Core/Src/main.o
                0x0000000008001118                main
 .text.SystemClock_Config
                0x00000000080011a4       0x82 ./Core/Src/main.o
                0x00000000080011a4                SystemClock_Config
 *fill*         0x0000000008001226        0x2 
 .text.MX_TIM2_Init
                0x0000000008001228       0x98 ./Core/Src/main.o
 .text.MX_TIM3_Init
                0x00000000080012c0       0xec ./Core/Src/main.o
 .text.MX_USART2_UART_Init
                0x00000000080013ac       0x54 ./Core/Src/main.o
 .text.MX_GPIO_Init
                0x0000000008001400       0xdc ./Core/Src/main.o
 .text.HAL_TIM_PeriodElapsedCallback
                0x00000000080014dc       0x14 ./Core/Src/main.o
                0x00000000080014dc                HAL_TIM_PeriodElapsedCallback
 .text.Error_Handler
                0x00000000080014f0        0xa ./Core/Src/main.o
                0x00000000080014f0                Error_Handler
 *fill*         0x00000000080014fa        0x2 
 .text.SCH_Add_Task
                0x00000000080014fc      0x3b4 ./Core/Src/scheduler.o
                0x00000000080014fc                SCH_Add_Task
 .text.SCH_Delete_Then_Add_Task
                0x00000000080018b0       0x90 ./Core/Src/scheduler.o
                0x00000000080018b0                SCH_Delete_Then_Add_Task
 .text.SCH_Update
                0x0000000008001940       0x70 ./Core/Src/scheduler.o
                0x0000000008001940                SCH_Update
 .text.SCH_Dispatch_Tasks
                0x00000000080019b0       0x2c ./Core/Src/scheduler.o
                0x00000000080019b0                SCH_Dispatch_Tasks
 .text.setTimer1
                0x00000000080019dc       0x38 ./Core/Src/software_timer.o
                0x00000000080019dc                setTimer1
 .text.setTimer2
                0x0000000008001a14       0x38 ./Core/Src/software_timer.o
                0x0000000008001a14                setTimer2
 .text.setTimer3
                0x0000000008001a4c       0x38 ./Core/Src/software_timer.o
                0x0000000008001a4c                setTimer3
 .text.setTimer4
                0x0000000008001a84       0x38 ./Core/Src/software_timer.o
                0x0000000008001a84                setTimer4
 .text.setTimer5
                0x0000000008001abc       0x38 ./Core/Src/software_timer.o
                0x0000000008001abc                setTimer5
 .text.setTimer6
                0x0000000008001af4       0x38 ./Core/Src/software_timer.o
                0x0000000008001af4                setTimer6
 .text.setTimer7
                0x0000000008001b2c       0x38 ./Core/Src/software_timer.o
                0x0000000008001b2c                setTimer7
 .text.setTimer8
                0x0000000008001b64       0x38 ./Core/Src/software_timer.o
                0x0000000008001b64                setTimer8
 .text.setTimer9
                0x0000000008001b9c       0x38 ./Core/Src/software_timer.o
                0x0000000008001b9c                setTimer9
 .text.TimerRun
                0x0000000008001bd4      0x174 ./Core/Src/software_timer.o
                0x0000000008001bd4                TimerRun
 .text.HAL_MspInit
                0x0000000008001d48       0x64 ./Core/Src/stm32f1xx_hal_msp.o
                0x0000000008001d48                HAL_MspInit
 .text.HAL_TIM_Base_MspInit
                0x0000000008001dac       0x70 ./Core/Src/stm32f1xx_hal_msp.o
                0x0000000008001dac                HAL_TIM_Base_MspInit
 .text.HAL_TIM_MspPostInit
                0x0000000008001e1c       0x64 ./Core/Src/stm32f1xx_hal_msp.o
                0x0000000008001e1c                HAL_TIM_MspPostInit
 .text.HAL_UART_MspInit
                0x0000000008001e80       0xa4 ./Core/Src/stm32f1xx_hal_msp.o
                0x0000000008001e80                HAL_UART_MspInit
 .text.NMI_Handler
                0x0000000008001f24        0x6 ./Core/Src/stm32f1xx_it.o
                0x0000000008001f24                NMI_Handler
 .text.HardFault_Handler
                0x0000000008001f2a        0x6 ./Core/Src/stm32f1xx_it.o
                0x0000000008001f2a                HardFault_Handler
 .text.MemManage_Handler
                0x0000000008001f30        0x6 ./Core/Src/stm32f1xx_it.o
                0x0000000008001f30                MemManage_Handler
 .text.BusFault_Handler
                0x0000000008001f36        0x6 ./Core/Src/stm32f1xx_it.o
                0x0000000008001f36                BusFault_Handler
 .text.UsageFault_Handler
                0x0000000008001f3c        0x6 ./Core/Src/stm32f1xx_it.o
                0x0000000008001f3c                UsageFault_Handler
 .text.SVC_Handler
                0x0000000008001f42        0xc ./Core/Src/stm32f1xx_it.o
                0x0000000008001f42                SVC_Handler
 .text.DebugMon_Handler
                0x0000000008001f4e        0xc ./Core/Src/stm32f1xx_it.o
                0x0000000008001f4e                DebugMon_Handler
 .text.PendSV_Handler
                0x0000000008001f5a        0xc ./Core/Src/stm32f1xx_it.o
                0x0000000008001f5a                PendSV_Handler
 .text.SysTick_Handler
                0x0000000008001f66        0xc ./Core/Src/stm32f1xx_it.o
                0x0000000008001f66                SysTick_Handler
 *fill*         0x0000000008001f72        0x2 
 .text.TIM2_IRQHandler
                0x0000000008001f74       0x14 ./Core/Src/stm32f1xx_it.o
                0x0000000008001f74                TIM2_IRQHandler
 .text.USART2_IRQHandler
                0x0000000008001f88       0x14 ./Core/Src/stm32f1xx_it.o
                0x0000000008001f88                USART2_IRQHandler
 .text._sbrk    0x0000000008001f9c       0x6c ./Core/Src/sysmem.o
                0x0000000008001f9c                _sbrk
 .text.SystemInit
                0x0000000008002008        0xc ./Core/Src/system_stm32f1xx.o
                0x0000000008002008                SystemInit
 .text.Reset_Handler
                0x0000000008002014       0x48 ./Core/Startup/startup_stm32f103rbtx.o
                0x0000000008002014                Reset_Handler
 .text.Default_Handler
                0x000000000800205c        0x2 ./Core/Startup/startup_stm32f103rbtx.o
                0x000000000800205c                RTC_Alarm_IRQHandler
                0x000000000800205c                EXTI2_IRQHandler
                0x000000000800205c                TIM1_CC_IRQHandler
                0x000000000800205c                PVD_IRQHandler
                0x000000000800205c                EXTI3_IRQHandler
                0x000000000800205c                EXTI0_IRQHandler
                0x000000000800205c                I2C2_EV_IRQHandler
                0x000000000800205c                ADC1_2_IRQHandler
                0x000000000800205c                SPI1_IRQHandler
                0x000000000800205c                TAMPER_IRQHandler
                0x000000000800205c                DMA1_Channel4_IRQHandler
                0x000000000800205c                USART3_IRQHandler
                0x000000000800205c                RTC_IRQHandler
                0x000000000800205c                DMA1_Channel7_IRQHandler
                0x000000000800205c                CAN1_RX1_IRQHandler
                0x000000000800205c                TIM4_IRQHandler
                0x000000000800205c                I2C1_EV_IRQHandler
                0x000000000800205c                DMA1_Channel6_IRQHandler
                0x000000000800205c                TIM3_IRQHandler
                0x000000000800205c                RCC_IRQHandler
                0x000000000800205c                TIM1_TRG_COM_IRQHandler
                0x000000000800205c                DMA1_Channel1_IRQHandler
                0x000000000800205c                Default_Handler
                0x000000000800205c                EXTI15_10_IRQHandler
                0x000000000800205c                EXTI9_5_IRQHandler
                0x000000000800205c                SPI2_IRQHandler
                0x000000000800205c                DMA1_Channel5_IRQHandler
                0x000000000800205c                EXTI4_IRQHandler
                0x000000000800205c                USB_LP_CAN1_RX0_IRQHandler
                0x000000000800205c                USB_HP_CAN1_TX_IRQHandler
                0x000000000800205c                DMA1_Channel3_IRQHandler
                0x000000000800205c                TIM1_UP_IRQHandler
                0x000000000800205c                WWDG_IRQHandler
                0x000000000800205c                TIM1_BRK_IRQHandler
                0x000000000800205c                EXTI1_IRQHandler
                0x000000000800205c                I2C2_ER_IRQHandler
                0x000000000800205c                DMA1_Channel2_IRQHandler
                0x000000000800205c                CAN1_SCE_IRQHandler
                0x000000000800205c                FLASH_IRQHandler
                0x000000000800205c                USART1_IRQHandler
                0x000000000800205c                I2C1_ER_IRQHandler
                0x000000000800205c                USBWakeUp_IRQHandler
 *fill*         0x000000000800205e        0x2 
 .text.HAL_Init
                0x0000000008002060       0x2c ./Drivers/STM32F1xx_HAL_Driver/Src/stm32f1xx_hal.o
                0x0000000008002060                HAL_Init
 .text.HAL_InitTick
                0x000000000800208c       0x60 ./Drivers/STM32F1xx_HAL_Driver/Src/stm32f1xx_hal.o
                0x000000000800208c                HAL_InitTick
 .text.HAL_IncTick
                0x00000000080020ec       0x24 ./Drivers/STM32F1xx_HAL_Driver/Src/stm32f1xx_hal.o
                0x00000000080020ec                HAL_IncTick
 .text.HAL_GetTick
                0x0000000008002110       0x14 ./Drivers/STM32F1xx_HAL_Driver/Src/stm32f1xx_hal.o
                0x0000000008002110                HAL_GetTick
 .text.__NVIC_SetPriorityGrouping
                0x0000000008002124       0x48 ./Drivers/STM32F1xx_HAL_Driver/Src/stm32f1xx_hal_cortex.o
 .text.__NVIC_GetPriorityGrouping
                0x000000000800216c       0x1c ./Drivers/STM32F1xx_HAL_Driver/Src/stm32f1xx_hal_cortex.o
 .text.__NVIC_EnableIRQ
                0x0000000008002188       0x38 ./Drivers/STM32F1xx_HAL_Driver/Src/stm32f1xx_hal_cortex.o
 .text.__NVIC_SetPriority
                0x00000000080021c0       0x54 ./Drivers/STM32F1xx_HAL_Driver/Src/stm32f1xx_hal_cortex.o
 .text.NVIC_EncodePriority
                0x0000000008002214       0x64 ./Drivers/STM32F1xx_HAL_Driver/Src/stm32f1xx_hal_cortex.o
 .text.SysTick_Config
                0x0000000008002278       0x44 ./Drivers/STM32F1xx_HAL_Driver/Src/stm32f1xx_hal_cortex.o
 .text.HAL_NVIC_SetPriorityGrouping
                0x00000000080022bc       0x16 ./Drivers/STM32F1xx_HAL_Driver/Src/stm32f1xx_hal_cortex.o
                0x00000000080022bc                HAL_NVIC_SetPriorityGrouping
 .text.HAL_NVIC_SetPriority
                0x00000000080022d2       0x38 ./Drivers/STM32F1xx_HAL_Driver/Src/stm32f1xx_hal_cortex.o
                0x00000000080022d2                HAL_NVIC_SetPriority
 .text.HAL_NVIC_EnableIRQ
                0x000000000800230a       0x1c ./Drivers/STM32F1xx_HAL_Driver/Src/stm32f1xx_hal_cortex.o
                0x000000000800230a                HAL_NVIC_EnableIRQ
 .text.HAL_SYSTICK_Config
                0x0000000008002326       0x18 ./Drivers/STM32F1xx_HAL_Driver/Src/stm32f1xx_hal_cortex.o
                0x0000000008002326                HAL_SYSTICK_Config
 .text.HAL_DMA_Abort
                0x000000000800233e       0x74 ./Drivers/STM32F1xx_HAL_Driver/Src/stm32f1xx_hal_dma.o
                0x000000000800233e                HAL_DMA_Abort
 *fill*         0x00000000080023b2        0x2 
 .text.HAL_DMA_Abort_IT
                0x00000000080023b4       0xec ./Drivers/STM32F1xx_HAL_Driver/Src/stm32f1xx_hal_dma.o
                0x00000000080023b4                HAL_DMA_Abort_IT
 .text.HAL_GPIO_Init
                0x00000000080024a0      0x308 ./Drivers/STM32F1xx_HAL_Driver/Src/stm32f1xx_hal_gpio.o
                0x00000000080024a0                HAL_GPIO_Init
 .text.HAL_GPIO_ReadPin
                0x00000000080027a8       0x2e ./Drivers/STM32F1xx_HAL_Driver/Src/stm32f1xx_hal_gpio.o
                0x00000000080027a8                HAL_GPIO_ReadPin
 .text.HAL_GPIO_WritePin
                0x00000000080027d6       0x30 ./Drivers/STM32F1xx_HAL_Driver/Src/stm32f1xx_hal_gpio.o
                0x00000000080027d6                HAL_GPIO_WritePin
 *fill*         0x0000000008002806        0x2 
 .text.HAL_RCC_OscConfig
                0x0000000008002808      0x500 ./Drivers/STM32F1xx_HAL_Driver/Src/stm32f1xx_hal_rcc.o
                0x0000000008002808                HAL_RCC_OscConfig
 .text.HAL_RCC_ClockConfig
                0x0000000008002d08      0x1d4 ./Drivers/STM32F1xx_HAL_Driver/Src/stm32f1xx_hal_rcc.o
                0x0000000008002d08                HAL_RCC_ClockConfig
 .text.HAL_RCC_GetSysClockFreq
                0x0000000008002edc       0xc0 ./Drivers/STM32F1xx_HAL_Driver/Src/stm32f1xx_hal_rcc.o
                0x0000000008002edc                HAL_RCC_GetSysClockFreq
 .text.HAL_RCC_GetHCLKFreq
                0x0000000008002f9c       0x14 ./Drivers/STM32F1xx_HAL_Driver/Src/stm32f1xx_hal_rcc.o
                0x0000000008002f9c                HAL_RCC_GetHCLKFreq
 .text.HAL_RCC_GetPCLK1Freq
                0x0000000008002fb0       0x28 ./Drivers/STM32F1xx_HAL_Driver/Src/stm32f1xx_hal_rcc.o
                0x0000000008002fb0                HAL_RCC_GetPCLK1Freq
 .text.HAL_RCC_GetPCLK2Freq
                0x0000000008002fd8       0x28 ./Drivers/STM32F1xx_HAL_Driver/Src/stm32f1xx_hal_rcc.o
                0x0000000008002fd8                HAL_RCC_GetPCLK2Freq
 .text.RCC_Delay
                0x0000000008003000       0x3c ./Drivers/STM32F1xx_HAL_Driver/Src/stm32f1xx_hal_rcc.o
 .text.HAL_TIM_Base_Init
                0x000000000800303c       0x9e ./Drivers/STM32F1xx_HAL_Driver/Src/stm32f1xx_hal_tim.o
                0x000000000800303c                HAL_TIM_Base_Init
 *fill*         0x00000000080030da        0x2 
 .text.HAL_TIM_Base_Start_IT
                0x00000000080030dc       0xa4 ./Drivers/STM32F1xx_HAL_Driver/Src/stm32f1xx_hal_tim.o
                0x00000000080030dc                HAL_TIM_Base_Start_IT
 .text.HAL_TIM_PWM_Init
                0x0000000008003180       0x9e ./Drivers/STM32F1xx_HAL_Driver/Src/stm32f1xx_hal_tim.o
                0x0000000008003180                HAL_TIM_PWM_Init
 .text.HAL_TIM_PWM_MspInit
                0x000000000800321e       0x12 ./Drivers/STM32F1xx_HAL_Driver/Src/stm32f1xx_hal_tim.o
                0x000000000800321e                HAL_TIM_PWM_MspInit
 .text.HAL_TIM_PWM_Start
                0x0000000008003230      0x144 ./Drivers/STM32F1xx_HAL_Driver/Src/stm32f1xx_hal_tim.o
                0x0000000008003230                HAL_TIM_PWM_Start
 .text.HAL_TIM_IRQHandler
                0x0000000008003374      0x210 ./Drivers/STM32F1xx_HAL_Driver/Src/stm32f1xx_hal_tim.o
                0x0000000008003374                HAL_TIM_IRQHandler
 .text.HAL_TIM_PWM_ConfigChannel
                0x0000000008003584      0x17c ./Drivers/STM32F1xx_HAL_Driver/Src/stm32f1xx_hal_tim.o
                0x0000000008003584                HAL_TIM_PWM_ConfigChannel
 .text.HAL_TIM_ConfigClockSource
                0x0000000008003700      0x188 ./Drivers/STM32F1xx_HAL_Driver/Src/stm32f1xx_hal_tim.o
                0x0000000008003700                HAL_TIM_ConfigClockSource
 .text.HAL_TIM_OC_DelayElapsedCallback
                0x0000000008003888       0x12 ./Drivers/STM32F1xx_HAL_Driver/Src/stm32f1xx_hal_tim.o
                0x0000000008003888                HAL_TIM_OC_DelayElapsedCallback
 .text.HAL_TIM_IC_CaptureCallback
                0x000000000800389a       0x12 ./Drivers/STM32F1xx_HAL_Driver/Src/stm32f1xx_hal_tim.o
                0x000000000800389a                HAL_TIM_IC_CaptureCallback
 .text.HAL_TIM_PWM_PulseFinishedCallback
                0x00000000080038ac       0x12 ./Drivers/STM32F1xx_HAL_Driver/Src/stm32f1xx_hal_tim.o
                0x00000000080038ac                HAL_TIM_PWM_PulseFinishedCallback
 .text.HAL_TIM_TriggerCallback
                0x00000000080038be       0x12 ./Drivers/STM32F1xx_HAL_Driver/Src/stm32f1xx_hal_tim.o
                0x00000000080038be                HAL_TIM_TriggerCallback
 .text.TIM_Base_SetConfig
                0x00000000080038d0       0xc4 ./Drivers/STM32F1xx_HAL_Driver/Src/stm32f1xx_hal_tim.o
                0x00000000080038d0                TIM_Base_SetConfig
 .text.TIM_OC1_SetConfig
                0x0000000008003994       0xcc ./Drivers/STM32F1xx_HAL_Driver/Src/stm32f1xx_hal_tim.o
 .text.TIM_OC2_SetConfig
                0x0000000008003a60       0xd4 ./Drivers/STM32F1xx_HAL_Driver/Src/stm32f1xx_hal_tim.o
                0x0000000008003a60                TIM_OC2_SetConfig
 .text.TIM_OC3_SetConfig
                0x0000000008003b34       0xd4 ./Drivers/STM32F1xx_HAL_Driver/Src/stm32f1xx_hal_tim.o
 .text.TIM_OC4_SetConfig
                0x0000000008003c08       0x9c ./Drivers/STM32F1xx_HAL_Driver/Src/stm32f1xx_hal_tim.o
 .text.TIM_TI1_ConfigInputStage
                0x0000000008003ca4       0x5c ./Drivers/STM32F1xx_HAL_Driver/Src/stm32f1xx_hal_tim.o
 .text.TIM_TI2_ConfigInputStage
                0x0000000008003d00       0x5e ./Drivers/STM32F1xx_HAL_Driver/Src/stm32f1xx_hal_tim.o
 .text.TIM_ITRx_SetConfig
                0x0000000008003d5e       0x34 ./Drivers/STM32F1xx_HAL_Driver/Src/stm32f1xx_hal_tim.o
 .text.TIM_ETR_SetConfig
                0x0000000008003d92       0x3e ./Drivers/STM32F1xx_HAL_Driver/Src/stm32f1xx_hal_tim.o
                0x0000000008003d92                TIM_ETR_SetConfig
 .text.TIM_CCxChannelCmd
                0x0000000008003dd0       0x48 ./Drivers/STM32F1xx_HAL_Driver/Src/stm32f1xx_hal_tim.o
                0x0000000008003dd0                TIM_CCxChannelCmd
 .text.HAL_TIMEx_MasterConfigSynchronization
                0x0000000008003e18       0xbc ./Drivers/STM32F1xx_HAL_Driver/Src/stm32f1xx_hal_tim_ex.o
                0x0000000008003e18                HAL_TIMEx_MasterConfigSynchronization
 .text.HAL_TIMEx_CommutCallback
                0x0000000008003ed4       0x12 ./Drivers/STM32F1xx_HAL_Driver/Src/stm32f1xx_hal_tim_ex.o
                0x0000000008003ed4                HAL_TIMEx_CommutCallback
 .text.HAL_TIMEx_BreakCallback
                0x0000000008003ee6       0x12 ./Drivers/STM32F1xx_HAL_Driver/Src/stm32f1xx_hal_tim_ex.o
                0x0000000008003ee6                HAL_TIMEx_BreakCallback
 .text.HAL_UART_Init
                0x0000000008003ef8       0x9a ./Drivers/STM32F1xx_HAL_Driver/Src/stm32f1xx_hal_uart.o
                0x0000000008003ef8                HAL_UART_Init
 .text.HAL_UART_Transmit
                0x0000000008003f92      0x124 ./Drivers/STM32F1xx_HAL_Driver/Src/stm32f1xx_hal_uart.o
                0x0000000008003f92                HAL_UART_Transmit
 *fill*         0x00000000080040b6        0x2 
 .text.HAL_UART_IRQHandler
                0x00000000080040b8      0x354 ./Drivers/STM32F1xx_HAL_Driver/Src/stm32f1xx_hal_uart.o
                0x00000000080040b8                HAL_UART_IRQHandler
 .text.HAL_UART_TxCpltCallback
                0x000000000800440c       0x12 ./Drivers/STM32F1xx_HAL_Driver/Src/stm32f1xx_hal_uart.o
                0x000000000800440c                HAL_UART_TxCpltCallback
 .text.HAL_UART_RxCpltCallback
                0x000000000800441e       0x12 ./Drivers/STM32F1xx_HAL_Driver/Src/stm32f1xx_hal_uart.o
                0x000000000800441e                HAL_UART_RxCpltCallback
 .text.HAL_UART_ErrorCallback
                0x0000000008004430       0x12 ./Drivers/STM32F1xx_HAL_Driver/Src/stm32f1xx_hal_uart.o
                0x0000000008004430                HAL_UART_ErrorCallback
 .text.HAL_UARTEx_RxEventCallback
                0x0000000008004442       0x16 ./Drivers/STM32F1xx_HAL_Driver/Src/stm32f1xx_hal_uart.o
                0x0000000008004442                HAL_UARTEx_RxEventCallback
 .text.UART_WaitOnFlagUntilTimeout
                0x0000000008004458       0x94 ./Drivers/STM32F1xx_HAL_Driver/Src/stm32f1xx_hal_uart.o
 .text.UART_EndRxTransfer
                0x00000000080044ec       0x58 ./Drivers/STM32F1xx_HAL_Driver/Src/stm32f1xx_hal_uart.o
 .text.UART_DMAAbortOnError
                0x0000000008004544       0x28 ./Drivers/STM32F1xx_HAL_Driver/Src/stm32f1xx_hal_uart.o
 .text.UART_Transmit_IT
                0x000000000800456c       0x9e ./Drivers/STM32F1xx_HAL_Driver/Src/stm32f1xx_hal_uart.o
 .text.UART_EndTransmit_IT
                0x000000000800460a       0x30 ./Drivers/STM32F1xx_HAL_Driver/Src/stm32f1xx_hal_uart.o
 .text.UART_Receive_IT
                0x000000000800463a      0x152 ./Drivers/STM32F1xx_HAL_Driver/Src/stm32f1xx_hal_uart.o
 .text.UART_SetConfig
                0x000000000800478c      0x11c ./Drivers/STM32F1xx_HAL_Driver/Src/stm32f1xx_hal_uart.o
 .text.__errno  0x00000000080048a8        0xc d:/stmcute/stm32cubeide_1.7.0/stm32cubeide/plugins/com.st.stm32cube.ide.mcu.externaltools.gnu-tools-for-stm32.9-2020-q2-update.win32_2.0.0.202105311346/tools/bin/../lib/gcc/arm-none-eabi/9.3.1/../../../../arm-none-eabi/lib/thumb/v7-m/nofp\libc_nano.a(lib_a-errno.o)
                0x00000000080048a8                __errno
 .text.__libc_init_array
                0x00000000080048b4       0x48 d:/stmcute/stm32cubeide_1.7.0/stm32cubeide/plugins/com.st.stm32cube.ide.mcu.externaltools.gnu-tools-for-stm32.9-2020-q2-update.win32_2.0.0.202105311346/tools/bin/../lib/gcc/arm-none-eabi/9.3.1/../../../../arm-none-eabi/lib/thumb/v7-m/nofp\libc_nano.a(lib_a-init.o)
                0x00000000080048b4                __libc_init_array
 .text.memset   0x00000000080048fc       0x10 d:/stmcute/stm32cubeide_1.7.0/stm32cubeide/plugins/com.st.stm32cube.ide.mcu.externaltools.gnu-tools-for-stm32.9-2020-q2-update.win32_2.0.0.202105311346/tools/bin/../lib/gcc/arm-none-eabi/9.3.1/../../../../arm-none-eabi/lib/thumb/v7-m/nofp\libc_nano.a(lib_a-memset.o)
                0x00000000080048fc                memset
 .text.sprintf  0x000000000800490c       0x40 d:/stmcute/stm32cubeide_1.7.0/stm32cubeide/plugins/com.st.stm32cube.ide.mcu.externaltools.gnu-tools-for-stm32.9-2020-q2-update.win32_2.0.0.202105311346/tools/bin/../lib/gcc/arm-none-eabi/9.3.1/../../../../arm-none-eabi/lib/thumb/v7-m/nofp\libc_nano.a(lib_a-sprintf.o)
                0x000000000800490c                siprintf
                0x000000000800490c                sprintf
 .text.__ssputs_r
                0x000000000800494c       0xb6 d:/stmcute/stm32cubeide_1.7.0/stm32cubeide/plugins/com.st.stm32cube.ide.mcu.externaltools.gnu-tools-for-stm32.9-2020-q2-update.win32_2.0.0.202105311346/tools/bin/../lib/gcc/arm-none-eabi/9.3.1/../../../../arm-none-eabi/lib/thumb/v7-m/nofp\libc_nano.a(lib_a-nano-svfprintf.o)
                0x000000000800494c                __ssputs_r
 *fill*         0x0000000008004a02        0x2 
 .text._svfprintf_r
                0x0000000008004a04      0x200 d:/stmcute/stm32cubeide_1.7.0/stm32cubeide/plugins/com.st.stm32cube.ide.mcu.externaltools.gnu-tools-for-stm32.9-2020-q2-update.win32_2.0.0.202105311346/tools/bin/../lib/gcc/arm-none-eabi/9.3.1/../../../../arm-none-eabi/lib/thumb/v7-m/nofp\libc_nano.a(lib_a-nano-svfprintf.o)
                0x0000000008004a04                _svfiprintf_r
                0x0000000008004a04                _svfprintf_r
 .text._printf_common
                0x0000000008004c04       0xde d:/stmcute/stm32cubeide_1.7.0/stm32cubeide/plugins/com.st.stm32cube.ide.mcu.externaltools.gnu-tools-for-stm32.9-2020-q2-update.win32_2.0.0.202105311346/tools/bin/../lib/gcc/arm-none-eabi/9.3.1/../../../../arm-none-eabi/lib/thumb/v7-m/nofp\libc_nano.a(lib_a-nano-vfprintf_i.o)
                0x0000000008004c04                _printf_common
 *fill*         0x0000000008004ce2        0x2 
 .text._printf_i
                0x0000000008004ce4      0x24c d:/stmcute/stm32cubeide_1.7.0/stm32cubeide/plugins/com.st.stm32cube.ide.mcu.externaltools.gnu-tools-for-stm32.9-2020-q2-update.win32_2.0.0.202105311346/tools/bin/../lib/gcc/arm-none-eabi/9.3.1/../../../../arm-none-eabi/lib/thumb/v7-m/nofp\libc_nano.a(lib_a-nano-vfprintf_i.o)
                0x0000000008004ce4                _printf_i
 .text.memchr   0x0000000008004f30       0x1c d:/stmcute/stm32cubeide_1.7.0/stm32cubeide/plugins/com.st.stm32cube.ide.mcu.externaltools.gnu-tools-for-stm32.9-2020-q2-update.win32_2.0.0.202105311346/tools/bin/../lib/gcc/arm-none-eabi/9.3.1/../../../../arm-none-eabi/lib/thumb/v7-m/nofp\libc_nano.a(lib_a-memchr-stub.o)
                0x0000000008004f30                memchr
 .text.memcpy   0x0000000008004f4c       0x1c d:/stmcute/stm32cubeide_1.7.0/stm32cubeide/plugins/com.st.stm32cube.ide.mcu.externaltools.gnu-tools-for-stm32.9-2020-q2-update.win32_2.0.0.202105311346/tools/bin/../lib/gcc/arm-none-eabi/9.3.1/../../../../arm-none-eabi/lib/thumb/v7-m/nofp\libc_nano.a(lib_a-memcpy-stub.o)
                0x0000000008004f4c                memcpy
 .text.memmove  0x0000000008004f68       0x34 d:/stmcute/stm32cubeide_1.7.0/stm32cubeide/plugins/com.st.stm32cube.ide.mcu.externaltools.gnu-tools-for-stm32.9-2020-q2-update.win32_2.0.0.202105311346/tools/bin/../lib/gcc/arm-none-eabi/9.3.1/../../../../arm-none-eabi/lib/thumb/v7-m/nofp\libc_nano.a(lib_a-memmove.o)
                0x0000000008004f68                memmove
 .text._free_r  0x0000000008004f9c       0x98 d:/stmcute/stm32cubeide_1.7.0/stm32cubeide/plugins/com.st.stm32cube.ide.mcu.externaltools.gnu-tools-for-stm32.9-2020-q2-update.win32_2.0.0.202105311346/tools/bin/../lib/gcc/arm-none-eabi/9.3.1/../../../../arm-none-eabi/lib/thumb/v7-m/nofp\libc_nano.a(lib_a-nano-freer.o)
                0x0000000008004f9c                _free_r
 .text._malloc_r
                0x0000000008005034       0xb4 d:/stmcute/stm32cubeide_1.7.0/stm32cubeide/plugins/com.st.stm32cube.ide.mcu.externaltools.gnu-tools-for-stm32.9-2020-q2-update.win32_2.0.0.202105311346/tools/bin/../lib/gcc/arm-none-eabi/9.3.1/../../../../arm-none-eabi/lib/thumb/v7-m/nofp\libc_nano.a(lib_a-nano-mallocr.o)
                0x0000000008005034                _malloc_r
 .text._realloc_r
                0x00000000080050e8       0x4c d:/stmcute/stm32cubeide_1.7.0/stm32cubeide/plugins/com.st.stm32cube.ide.mcu.externaltools.gnu-tools-for-stm32.9-2020-q2-update.win32_2.0.0.202105311346/tools/bin/../lib/gcc/arm-none-eabi/9.3.1/../../../../arm-none-eabi/lib/thumb/v7-m/nofp\libc_nano.a(lib_a-nano-reallocr.o)
                0x00000000080050e8                _realloc_r
 .text._sbrk_r  0x0000000008005134       0x20 d:/stmcute/stm32cubeide_1.7.0/stm32cubeide/plugins/com.st.stm32cube.ide.mcu.externaltools.gnu-tools-for-stm32.9-2020-q2-update.win32_2.0.0.202105311346/tools/bin/../lib/gcc/arm-none-eabi/9.3.1/../../../../arm-none-eabi/lib/thumb/v7-m/nofp\libc_nano.a(lib_a-sbrkr.o)
                0x0000000008005134                _sbrk_r
 .text.__malloc_lock
                0x0000000008005154        0xc d:/stmcute/stm32cubeide_1.7.0/stm32cubeide/plugins/com.st.stm32cube.ide.mcu.externaltools.gnu-tools-for-stm32.9-2020-q2-update.win32_2.0.0.202105311346/tools/bin/../lib/gcc/arm-none-eabi/9.3.1/../../../../arm-none-eabi/lib/thumb/v7-m/nofp\libc_nano.a(lib_a-mlock.o)
                0x0000000008005154                __malloc_lock
 .text.__malloc_unlock
                0x0000000008005160        0xc d:/stmcute/stm32cubeide_1.7.0/stm32cubeide/plugins/com.st.stm32cube.ide.mcu.externaltools.gnu-tools-for-stm32.9-2020-q2-update.win32_2.0.0.202105311346/tools/bin/../lib/gcc/arm-none-eabi/9.3.1/../../../../arm-none-eabi/lib/thumb/v7-m/nofp\libc_nano.a(lib_a-mlock.o)
                0x0000000008005160                __malloc_unlock
 .text._malloc_usable_size_r
                0x000000000800516c       0x10 d:/stmcute/stm32cubeide_1.7.0/stm32cubeide/plugins/com.st.stm32cube.ide.mcu.externaltools.gnu-tools-for-stm32.9-2020-q2-update.win32_2.0.0.202105311346/tools/bin/../lib/gcc/arm-none-eabi/9.3.1/../../../../arm-none-eabi/lib/thumb/v7-m/nofp\libc_nano.a(lib_a-nano-msizer.o)
                0x000000000800516c                _malloc_usable_size_r
 .text.__retarget_lock_acquire_recursive
                0x000000000800517c        0x2 d:/stmcute/stm32cubeide_1.7.0/stm32cubeide/plugins/com.st.stm32cube.ide.mcu.externaltools.gnu-tools-for-stm32.9-2020-q2-update.win32_2.0.0.202105311346/tools/bin/../lib/gcc/arm-none-eabi/9.3.1/../../../../arm-none-eabi/lib/thumb/v7-m/nofp\libc_nano.a(lib_a-lock.o)
                0x000000000800517c                __retarget_lock_acquire_recursive
 .text.__retarget_lock_release_recursive
                0x000000000800517e        0x2 d:/stmcute/stm32cubeide_1.7.0/stm32cubeide/plugins/com.st.stm32cube.ide.mcu.externaltools.gnu-tools-for-stm32.9-2020-q2-update.win32_2.0.0.202105311346/tools/bin/../lib/gcc/arm-none-eabi/9.3.1/../../../../arm-none-eabi/lib/thumb/v7-m/nofp\libc_nano.a(lib_a-lock.o)
                0x000000000800517e                __retarget_lock_release_recursive
 *(.glue_7)
 .glue_7        0x0000000008005180        0x0 linker stubs
 *(.glue_7t)
 .glue_7t       0x0000000008005180        0x0 linker stubs
 *(.eh_frame)
 .eh_frame      0x0000000008005180        0x0 d:/stmcute/stm32cubeide_1.7.0/stm32cubeide/plugins/com.st.stm32cube.ide.mcu.externaltools.gnu-tools-for-stm32.9-2020-q2-update.win32_2.0.0.202105311346/tools/bin/../lib/gcc/arm-none-eabi/9.3.1/thumb/v7-m/nofp/crtbegin.o
 *(.init)
 .init          0x0000000008005180        0x4 d:/stmcute/stm32cubeide_1.7.0/stm32cubeide/plugins/com.st.stm32cube.ide.mcu.externaltools.gnu-tools-for-stm32.9-2020-q2-update.win32_2.0.0.202105311346/tools/bin/../lib/gcc/arm-none-eabi/9.3.1/thumb/v7-m/nofp/crti.o
                0x0000000008005180                _init
 .init          0x0000000008005184        0x8 d:/stmcute/stm32cubeide_1.7.0/stm32cubeide/plugins/com.st.stm32cube.ide.mcu.externaltools.gnu-tools-for-stm32.9-2020-q2-update.win32_2.0.0.202105311346/tools/bin/../lib/gcc/arm-none-eabi/9.3.1/thumb/v7-m/nofp/crtn.o
 *(.fini)
 .fini          0x000000000800518c        0x4 d:/stmcute/stm32cubeide_1.7.0/stm32cubeide/plugins/com.st.stm32cube.ide.mcu.externaltools.gnu-tools-for-stm32.9-2020-q2-update.win32_2.0.0.202105311346/tools/bin/../lib/gcc/arm-none-eabi/9.3.1/thumb/v7-m/nofp/crti.o
                0x000000000800518c                _fini
 .fini          0x0000000008005190        0x8 d:/stmcute/stm32cubeide_1.7.0/stm32cubeide/plugins/com.st.stm32cube.ide.mcu.externaltools.gnu-tools-for-stm32.9-2020-q2-update.win32_2.0.0.202105311346/tools/bin/../lib/gcc/arm-none-eabi/9.3.1/thumb/v7-m/nofp/crtn.o
                0x0000000008005198                . = ALIGN (0x4)
                0x0000000008005198                _etext = .

.vfp11_veneer   0x0000000008005198        0x0
 .vfp11_veneer  0x0000000008005198        0x0 linker stubs

.v4_bx          0x0000000008005198        0x0
 .v4_bx         0x0000000008005198        0x0 linker stubs

.iplt           0x0000000008005198        0x0
 .iplt          0x0000000008005198        0x0 d:/stmcute/stm32cubeide_1.7.0/stm32cubeide/plugins/com.st.stm32cube.ide.mcu.externaltools.gnu-tools-for-stm32.9-2020-q2-update.win32_2.0.0.202105311346/tools/bin/../lib/gcc/arm-none-eabi/9.3.1/thumb/v7-m/nofp/crtbegin.o

.rodata         0x0000000008005198       0xd4
                0x0000000008005198                . = ALIGN (0x4)
 *(.rodata)
 .rodata        0x0000000008005198       0x76 ./Core/Src/UART_Communication.o
 *fill*         0x000000000800520e        0x2 
 .rodata        0x0000000008005210       0x10 ./Drivers/STM32F1xx_HAL_Driver/Src/stm32f1xx_hal_rcc.o
 *(.rodata*)
 .rodata.AHBPrescTable
                0x0000000008005220       0x10 ./Core/Src/system_stm32f1xx.o
                0x0000000008005220                AHBPrescTable
 .rodata.APBPrescTable
                0x0000000008005230        0x8 ./Core/Src/system_stm32f1xx.o
                0x0000000008005230                APBPrescTable
 .rodata._svfprintf_r.str1.1
                0x0000000008005238       0x11 d:/stmcute/stm32cubeide_1.7.0/stm32cubeide/plugins/com.st.stm32cube.ide.mcu.externaltools.gnu-tools-for-stm32.9-2020-q2-update.win32_2.0.0.202105311346/tools/bin/../lib/gcc/arm-none-eabi/9.3.1/../../../../arm-none-eabi/lib/thumb/v7-m/nofp\libc_nano.a(lib_a-nano-svfprintf.o)
 .rodata._printf_i.str1.1
                0x0000000008005249       0x22 d:/stmcute/stm32cubeide_1.7.0/stm32cubeide/plugins/com.st.stm32cube.ide.mcu.externaltools.gnu-tools-for-stm32.9-2020-q2-update.win32_2.0.0.202105311346/tools/bin/../lib/gcc/arm-none-eabi/9.3.1/../../../../arm-none-eabi/lib/thumb/v7-m/nofp\libc_nano.a(lib_a-nano-vfprintf_i.o)
                0x000000000800526c                . = ALIGN (0x4)
 *fill*         0x000000000800526b        0x1 

.rel.dyn        0x000000000800526c        0x0
 .rel.iplt      0x000000000800526c        0x0 d:/stmcute/stm32cubeide_1.7.0/stm32cubeide/plugins/com.st.stm32cube.ide.mcu.externaltools.gnu-tools-for-stm32.9-2020-q2-update.win32_2.0.0.202105311346/tools/bin/../lib/gcc/arm-none-eabi/9.3.1/thumb/v7-m/nofp/crtbegin.o

.ARM.extab      0x000000000800526c        0x0
                0x000000000800526c                . = ALIGN (0x4)
 *(.ARM.extab* .gnu.linkonce.armextab.*)
                0x000000000800526c                . = ALIGN (0x4)

.ARM            0x000000000800526c        0x0
                0x000000000800526c                . = ALIGN (0x4)
                0x000000000800526c                __exidx_start = .
 *(.ARM.exidx*)
                0x000000000800526c                __exidx_end = .
                0x000000000800526c                . = ALIGN (0x4)

.preinit_array  0x000000000800526c        0x0
                0x000000000800526c                . = ALIGN (0x4)
                0x000000000800526c                PROVIDE (__preinit_array_start = .)
 *(.preinit_array*)
                0x000000000800526c                PROVIDE (__preinit_array_end = .)
                0x000000000800526c                . = ALIGN (0x4)

.init_array     0x000000000800526c        0x4
                0x000000000800526c                . = ALIGN (0x4)
                0x000000000800526c                PROVIDE (__init_array_start = .)
 *(SORT_BY_NAME(.init_array.*))
 *(.init_array*)
 .init_array    0x000000000800526c        0x4 d:/stmcute/stm32cubeide_1.7.0/stm32cubeide/plugins/com.st.stm32cube.ide.mcu.externaltools.gnu-tools-for-stm32.9-2020-q2-update.win32_2.0.0.202105311346/tools/bin/../lib/gcc/arm-none-eabi/9.3.1/thumb/v7-m/nofp/crtbegin.o
                0x0000000008005270                PROVIDE (__init_array_end = .)
                0x0000000008005270                . = ALIGN (0x4)

.fini_array     0x0000000008005270        0x4
                0x0000000008005270                . = ALIGN (0x4)
                [!provide]                        PROVIDE (__fini_array_start = .)
 *(SORT_BY_NAME(.fini_array.*))
 *(.fini_array*)
 .fini_array    0x0000000008005270        0x4 d:/stmcute/stm32cubeide_1.7.0/stm32cubeide/plugins/com.st.stm32cube.ide.mcu.externaltools.gnu-tools-for-stm32.9-2020-q2-update.win32_2.0.0.202105311346/tools/bin/../lib/gcc/arm-none-eabi/9.3.1/thumb/v7-m/nofp/crtbegin.o
                [!provide]                        PROVIDE (__fini_array_end = .)
                0x0000000008005274                . = ALIGN (0x4)
                0x0000000008005274                _sidata = LOADADDR (.data)

.data           0x0000000020000000       0x90 load address 0x0000000008005274
                0x0000000020000000                . = ALIGN (0x4)
                0x0000000020000000                _sdata = .
 *(.data)
 *(.data*)
 .data.buttonBuffer
                0x0000000020000000        0x4 ./Core/Src/button.o
 .data.status_pedes
                0x0000000020000004        0x4 ./Core/Src/global_variable.o
                0x0000000020000004                status_pedes
 .data.time_led_red_1
                0x0000000020000008        0x4 ./Core/Src/global_variable.o
                0x0000000020000008                time_led_red_1
 .data.time_led_yellow_1
                0x000000002000000c        0x4 ./Core/Src/global_variable.o
                0x000000002000000c                time_led_yellow_1
 .data.time_led_green_1
                0x0000000020000010        0x4 ./Core/Src/global_variable.o
                0x0000000020000010                time_led_green_1
 .data.time_led_red_2
                0x0000000020000014        0x4 ./Core/Src/global_variable.o
                0x0000000020000014                time_led_red_2
 .data.time_led_yellow_2
                0x0000000020000018        0x4 ./Core/Src/global_variable.o
                0x0000000020000018                time_led_yellow_2
 .data.time_led_green_2
                0x000000002000001c        0x4 ./Core/Src/global_variable.o
                0x000000002000001c                time_led_green_2
 .data.SystemCoreClock
                0x0000000020000020        0x4 ./Core/Src/system_stm32f1xx.o
                0x0000000020000020                SystemCoreClock
 .data.uwTickPrio
                0x0000000020000024        0x4 ./Drivers/STM32F1xx_HAL_Driver/Src/stm32f1xx_hal.o
                0x0000000020000024                uwTickPrio
 .data.uwTickFreq
                0x0000000020000028        0x1 ./Drivers/STM32F1xx_HAL_Driver/Src/stm32f1xx_hal.o
                0x0000000020000028                uwTickFreq
 *fill*         0x0000000020000029        0x3 
 .data._impure_ptr
                0x000000002000002c        0x4 d:/stmcute/stm32cubeide_1.7.0/stm32cubeide/plugins/com.st.stm32cube.ide.mcu.externaltools.gnu-tools-for-stm32.9-2020-q2-update.win32_2.0.0.202105311346/tools/bin/../lib/gcc/arm-none-eabi/9.3.1/../../../../arm-none-eabi/lib/thumb/v7-m/nofp\libc_nano.a(lib_a-impure.o)
                0x000000002000002c                _impure_ptr
 .data.impure_data
                0x0000000020000030       0x60 d:/stmcute/stm32cubeide_1.7.0/stm32cubeide/plugins/com.st.stm32cube.ide.mcu.externaltools.gnu-tools-for-stm32.9-2020-q2-update.win32_2.0.0.202105311346/tools/bin/../lib/gcc/arm-none-eabi/9.3.1/../../../../arm-none-eabi/lib/thumb/v7-m/nofp\libc_nano.a(lib_a-impure.o)
 *(.RamFunc)
 *(.RamFunc*)
                0x0000000020000090                . = ALIGN (0x4)
                0x0000000020000090                _edata = .

.igot.plt       0x0000000020000090        0x0 load address 0x0000000008005304
 .igot.plt      0x0000000020000090        0x0 d:/stmcute/stm32cubeide_1.7.0/stm32cubeide/plugins/com.st.stm32cube.ide.mcu.externaltools.gnu-tools-for-stm32.9-2020-q2-update.win32_2.0.0.202105311346/tools/bin/../lib/gcc/arm-none-eabi/9.3.1/thumb/v7-m/nofp/crtbegin.o
                0x0000000020000090                . = ALIGN (0x4)

.bss            0x0000000020000090      0x42c load address 0x0000000008005304
                0x0000000020000090                _sbss = .
                0x0000000020000090                __bss_start__ = _sbss
 *(.bss)
 .bss           0x0000000020000090       0x1c d:/stmcute/stm32cubeide_1.7.0/stm32cubeide/plugins/com.st.stm32cube.ide.mcu.externaltools.gnu-tools-for-stm32.9-2020-q2-update.win32_2.0.0.202105311346/tools/bin/../lib/gcc/arm-none-eabi/9.3.1/thumb/v7-m/nofp/crtbegin.o
 *(.bss*)
 .bss.debounceButtonBuffer1
                0x00000000200000ac        0x4 ./Core/Src/button.o
 .bss.debounceButtonBuffer2
                0x00000000200000b0        0x4 ./Core/Src/button.o
 .bss.debounceButtonBuffer0
                0x00000000200000b4        0x4 ./Core/Src/button.o
 .bss.flagForButtonPressed
                0x00000000200000b8       0x10 ./Core/Src/button.o
 .bss.flagForButtonPressed1s
                0x00000000200000c8       0x10 ./Core/Src/button.o
 .bss.counterForButtonPressed1s
                0x00000000200000d8       0x10 ./Core/Src/button.o
 .bss.counter   0x00000000200000e8        0x4 ./Core/Src/global_variable.o
                0x00000000200000e8                counter
 .bss.status_light
                0x00000000200000ec        0x4 ./Core/Src/global_variable.o
                0x00000000200000ec                status_light
 .bss.time_buzzer
                0x00000000200000f0        0x4 ./Core/Src/global_variable.o
                0x00000000200000f0                time_buzzer
 .bss.time_frequency
                0x00000000200000f4        0x4 ./Core/Src/global_variable.o
                0x00000000200000f4                time_frequency
 .bss.buffer_TX
                0x00000000200000f8       0x1e ./Core/Src/global_variable.o
                0x00000000200000f8                buffer_TX
 *fill*         0x0000000020000116        0x2 
 .bss.timer1_counter
                0x0000000020000118        0x4 ./Core/Src/software_timer.o
                0x0000000020000118                timer1_counter
 .bss.timer1_flag
                0x000000002000011c        0x4 ./Core/Src/software_timer.o
                0x000000002000011c                timer1_flag
 .bss.timer2_counter
                0x0000000020000120        0x4 ./Core/Src/software_timer.o
                0x0000000020000120                timer2_counter
 .bss.timer2_flag
                0x0000000020000124        0x4 ./Core/Src/software_timer.o
                0x0000000020000124                timer2_flag
 .bss.timer3_counter
                0x0000000020000128        0x4 ./Core/Src/software_timer.o
                0x0000000020000128                timer3_counter
 .bss.timer3_flag
                0x000000002000012c        0x4 ./Core/Src/software_timer.o
                0x000000002000012c                timer3_flag
 .bss.timer4_counter
                0x0000000020000130        0x4 ./Core/Src/software_timer.o
                0x0000000020000130                timer4_counter
 .bss.timer4_flag
                0x0000000020000134        0x4 ./Core/Src/software_timer.o
                0x0000000020000134                timer4_flag
 .bss.timer5_counter
                0x0000000020000138        0x4 ./Core/Src/software_timer.o
                0x0000000020000138                timer5_counter
 .bss.timer5_flag
                0x000000002000013c        0x4 ./Core/Src/software_timer.o
                0x000000002000013c                timer5_flag
 .bss.timer6_counter
                0x0000000020000140        0x4 ./Core/Src/software_timer.o
                0x0000000020000140                timer6_counter
 .bss.timer6_flag
                0x0000000020000144        0x4 ./Core/Src/software_timer.o
                0x0000000020000144                timer6_flag
 .bss.timer7_counter
                0x0000000020000148        0x4 ./Core/Src/software_timer.o
                0x0000000020000148                timer7_counter
 .bss.timer7_flag
                0x000000002000014c        0x4 ./Core/Src/software_timer.o
                0x000000002000014c                timer7_flag
 .bss.timer8_counter
                0x0000000020000150        0x4 ./Core/Src/software_timer.o
                0x0000000020000150                timer8_counter
 .bss.timer8_flag
                0x0000000020000154        0x4 ./Core/Src/software_timer.o
                0x0000000020000154                timer8_flag
 .bss.timer9_counter
                0x0000000020000158        0x4 ./Core/Src/software_timer.o
                0x0000000020000158                timer9_counter
 .bss.timer9_flag
                0x000000002000015c        0x4 ./Core/Src/software_timer.o
                0x000000002000015c                timer9_flag
 .bss.__sbrk_heap_end
                0x0000000020000160        0x4 ./Core/Src/sysmem.o
 .bss.__malloc_free_list
                0x0000000020000164        0x4 d:/stmcute/stm32cubeide_1.7.0/stm32cubeide/plugins/com.st.stm32cube.ide.mcu.externaltools.gnu-tools-for-stm32.9-2020-q2-update.win32_2.0.0.202105311346/tools/bin/../lib/gcc/arm-none-eabi/9.3.1/../../../../arm-none-eabi/lib/thumb/v7-m/nofp\libc_nano.a(lib_a-nano-mallocr.o)
                0x0000000020000164                __malloc_free_list
 .bss.__malloc_sbrk_start
                0x0000000020000168        0x4 d:/stmcute/stm32cubeide_1.7.0/stm32cubeide/plugins/com.st.stm32cube.ide.mcu.externaltools.gnu-tools-for-stm32.9-2020-q2-update.win32_2.0.0.202105311346/tools/bin/../lib/gcc/arm-none-eabi/9.3.1/../../../../arm-none-eabi/lib/thumb/v7-m/nofp\libc_nano.a(lib_a-nano-mallocr.o)
                0x0000000020000168                __malloc_sbrk_start
 *(COMMON)
 COMMON         0x000000002000016c       0xd4 ./Core/Src/main.o
                0x000000002000016c                htim3
                0x00000000200001b4                htim2
                0x00000000200001fc                huart2
 COMMON         0x0000000020000240      0x268 ./Core/Src/scheduler.o
                0x0000000020000240                tail
                0x0000000020000244                head
                0x0000000020000248                cur_index
                0x000000002000024c                sTask
                0x00000000200004a4                len
 COMMON         0x00000000200004a8        0x4 ./Drivers/STM32F1xx_HAL_Driver/Src/stm32f1xx_hal.o
                0x00000000200004a8                uwTick
 COMMON         0x00000000200004ac        0x4 d:/stmcute/stm32cubeide_1.7.0/stm32cubeide/plugins/com.st.stm32cube.ide.mcu.externaltools.gnu-tools-for-stm32.9-2020-q2-update.win32_2.0.0.202105311346/tools/bin/../lib/gcc/arm-none-eabi/9.3.1/../../../../arm-none-eabi/lib/thumb/v7-m/nofp\libc_nano.a(lib_a-reent.o)
                0x00000000200004ac                errno
 COMMON         0x00000000200004b0        0x9 d:/stmcute/stm32cubeide_1.7.0/stm32cubeide/plugins/com.st.stm32cube.ide.mcu.externaltools.gnu-tools-for-stm32.9-2020-q2-update.win32_2.0.0.202105311346/tools/bin/../lib/gcc/arm-none-eabi/9.3.1/../../../../arm-none-eabi/lib/thumb/v7-m/nofp\libc_nano.a(lib_a-lock.o)
                0x00000000200004b0                __lock___atexit_recursive_mutex
                0x00000000200004b1                __lock___arc4random_mutex
                0x00000000200004b2                __lock___env_recursive_mutex
                0x00000000200004b3                __lock___sinit_recursive_mutex
                0x00000000200004b4                __lock___malloc_recursive_mutex
                0x00000000200004b5                __lock___at_quick_exit_mutex
                0x00000000200004b6                __lock___dd_hash_mutex
                0x00000000200004b7                __lock___tz_mutex
                0x00000000200004b8                __lock___sfp_recursive_mutex
                0x00000000200004bc                . = ALIGN (0x4)
 *fill*         0x00000000200004b9        0x3 
                0x00000000200004bc                _ebss = .
                0x00000000200004bc                __bss_end__ = _ebss

._user_heap_stack
                0x00000000200004bc      0x604 load address 0x0000000008005304
                0x00000000200004c0                . = ALIGN (0x8)
 *fill*         0x00000000200004bc        0x4 
                [!provide]                        PROVIDE (end = .)
                0x00000000200004c0                PROVIDE (_end = .)
                0x00000000200006c0                . = (. + _Min_Heap_Size)
 *fill*         0x00000000200004c0      0x200 
                0x0000000020000ac0                . = (. + _Min_Stack_Size)
 *fill*         0x00000000200006c0      0x400 
                0x0000000020000ac0                . = ALIGN (0x8)

/DISCARD/
 libc.a(*)
 libm.a(*)
 libgcc.a(*)

.ARM.attributes
                0x0000000000000000       0x29
 *(.ARM.attributes)
 .ARM.attributes
                0x0000000000000000       0x1d d:/stmcute/stm32cubeide_1.7.0/stm32cubeide/plugins/com.st.stm32cube.ide.mcu.externaltools.gnu-tools-for-stm32.9-2020-q2-update.win32_2.0.0.202105311346/tools/bin/../lib/gcc/arm-none-eabi/9.3.1/thumb/v7-m/nofp/crti.o
 .ARM.attributes
                0x000000000000001d       0x2d d:/stmcute/stm32cubeide_1.7.0/stm32cubeide/plugins/com.st.stm32cube.ide.mcu.externaltools.gnu-tools-for-stm32.9-2020-q2-update.win32_2.0.0.202105311346/tools/bin/../lib/gcc/arm-none-eabi/9.3.1/thumb/v7-m/nofp/crtbegin.o
 .ARM.attributes
                0x000000000000004a       0x2d ./Core/Src/FSM_AUTOMODE.o
 .ARM.attributes
                0x0000000000000077       0x2d ./Core/Src/FSM_MANUALMODE.o
 .ARM.attributes
                0x00000000000000a4       0x2d ./Core/Src/FSM_PEDESTRIANMODE.o
 .ARM.attributes
                0x00000000000000d1       0x2d ./Core/Src/FSM_SETTINGMODE.o
 .ARM.attributes
                0x00000000000000fe       0x2d ./Core/Src/UART_Communication.o
 .ARM.attributes
                0x000000000000012b       0x2d ./Core/Src/button.o
 .ARM.attributes
                0x0000000000000158       0x2d ./Core/Src/displayalLED.o
 .ARM.attributes
                0x0000000000000185       0x33 ./Core/Src/global_variable.o
 .ARM.attributes
                0x00000000000001b8       0x2d ./Core/Src/main.o
 .ARM.attributes
                0x00000000000001e5       0x2d ./Core/Src/scheduler.o
 .ARM.attributes
                0x0000000000000212       0x2d ./Core/Src/software_timer.o
 .ARM.attributes
                0x000000000000023f       0x2d ./Core/Src/stm32f1xx_hal_msp.o
 .ARM.attributes
                0x000000000000026c       0x2d ./Core/Src/stm32f1xx_it.o
 .ARM.attributes
                0x0000000000000299       0x2d ./Core/Src/sysmem.o
 .ARM.attributes
                0x00000000000002c6       0x2d ./Core/Src/system_stm32f1xx.o
 .ARM.attributes
                0x00000000000002f3       0x21 ./Core/Startup/startup_stm32f103rbtx.o
 .ARM.attributes
                0x0000000000000314       0x2d ./Drivers/STM32F1xx_HAL_Driver/Src/stm32f1xx_hal.o
 .ARM.attributes
                0x0000000000000341       0x2d ./Drivers/STM32F1xx_HAL_Driver/Src/stm32f1xx_hal_cortex.o
 .ARM.attributes
                0x000000000000036e       0x2d ./Drivers/STM32F1xx_HAL_Driver/Src/stm32f1xx_hal_dma.o
 .ARM.attributes
                0x000000000000039b       0x2d ./Drivers/STM32F1xx_HAL_Driver/Src/stm32f1xx_hal_gpio.o
 .ARM.attributes
                0x00000000000003c8       0x2d ./Drivers/STM32F1xx_HAL_Driver/Src/stm32f1xx_hal_rcc.o
 .ARM.attributes
                0x00000000000003f5       0x2d ./Drivers/STM32F1xx_HAL_Driver/Src/stm32f1xx_hal_tim.o
 .ARM.attributes
                0x0000000000000422       0x2d ./Drivers/STM32F1xx_HAL_Driver/Src/stm32f1xx_hal_tim_ex.o
 .ARM.attributes
                0x000000000000044f       0x2d ./Drivers/STM32F1xx_HAL_Driver/Src/stm32f1xx_hal_uart.o
 .ARM.attributes
                0x000000000000047c       0x2d d:/stmcute/stm32cubeide_1.7.0/stm32cubeide/plugins/com.st.stm32cube.ide.mcu.externaltools.gnu-tools-for-stm32.9-2020-q2-update.win32_2.0.0.202105311346/tools/bin/../lib/gcc/arm-none-eabi/9.3.1/../../../../arm-none-eabi/lib/thumb/v7-m/nofp\libc_nano.a(lib_a-errno.o)
 .ARM.attributes
                0x00000000000004a9       0x2d d:/stmcute/stm32cubeide_1.7.0/stm32cubeide/plugins/com.st.stm32cube.ide.mcu.externaltools.gnu-tools-for-stm32.9-2020-q2-update.win32_2.0.0.202105311346/tools/bin/../lib/gcc/arm-none-eabi/9.3.1/../../../../arm-none-eabi/lib/thumb/v7-m/nofp\libc_nano.a(lib_a-impure.o)
 .ARM.attributes
                0x00000000000004d6       0x2d d:/stmcute/stm32cubeide_1.7.0/stm32cubeide/plugins/com.st.stm32cube.ide.mcu.externaltools.gnu-tools-for-stm32.9-2020-q2-update.win32_2.0.0.202105311346/tools/bin/../lib/gcc/arm-none-eabi/9.3.1/../../../../arm-none-eabi/lib/thumb/v7-m/nofp\libc_nano.a(lib_a-init.o)
 .ARM.attributes
                0x0000000000000503       0x2d d:/stmcute/stm32cubeide_1.7.0/stm32cubeide/plugins/com.st.stm32cube.ide.mcu.externaltools.gnu-tools-for-stm32.9-2020-q2-update.win32_2.0.0.202105311346/tools/bin/../lib/gcc/arm-none-eabi/9.3.1/../../../../arm-none-eabi/lib/thumb/v7-m/nofp\libc_nano.a(lib_a-memset.o)
 .ARM.attributes
                0x0000000000000530       0x2d d:/stmcute/stm32cubeide_1.7.0/stm32cubeide/plugins/com.st.stm32cube.ide.mcu.externaltools.gnu-tools-for-stm32.9-2020-q2-update.win32_2.0.0.202105311346/tools/bin/../lib/gcc/arm-none-eabi/9.3.1/../../../../arm-none-eabi/lib/thumb/v7-m/nofp\libc_nano.a(lib_a-sprintf.o)
 .ARM.attributes
                0x000000000000055d       0x2d d:/stmcute/stm32cubeide_1.7.0/stm32cubeide/plugins/com.st.stm32cube.ide.mcu.externaltools.gnu-tools-for-stm32.9-2020-q2-update.win32_2.0.0.202105311346/tools/bin/../lib/gcc/arm-none-eabi/9.3.1/../../../../arm-none-eabi/lib/thumb/v7-m/nofp\libc_nano.a(lib_a-nano-svfprintf.o)
 .ARM.attributes
                0x000000000000058a       0x2d d:/stmcute/stm32cubeide_1.7.0/stm32cubeide/plugins/com.st.stm32cube.ide.mcu.externaltools.gnu-tools-for-stm32.9-2020-q2-update.win32_2.0.0.202105311346/tools/bin/../lib/gcc/arm-none-eabi/9.3.1/../../../../arm-none-eabi/lib/thumb/v7-m/nofp\libc_nano.a(lib_a-nano-vfprintf_i.o)
 .ARM.attributes
                0x00000000000005b7       0x2d d:/stmcute/stm32cubeide_1.7.0/stm32cubeide/plugins/com.st.stm32cube.ide.mcu.externaltools.gnu-tools-for-stm32.9-2020-q2-update.win32_2.0.0.202105311346/tools/bin/../lib/gcc/arm-none-eabi/9.3.1/../../../../arm-none-eabi/lib/thumb/v7-m/nofp\libc_nano.a(lib_a-memchr-stub.o)
 .ARM.attributes
                0x00000000000005e4       0x2d d:/stmcute/stm32cubeide_1.7.0/stm32cubeide/plugins/com.st.stm32cube.ide.mcu.externaltools.gnu-tools-for-stm32.9-2020-q2-update.win32_2.0.0.202105311346/tools/bin/../lib/gcc/arm-none-eabi/9.3.1/../../../../arm-none-eabi/lib/thumb/v7-m/nofp\libc_nano.a(lib_a-memcpy-stub.o)
 .ARM.attributes
                0x0000000000000611       0x2d d:/stmcute/stm32cubeide_1.7.0/stm32cubeide/plugins/com.st.stm32cube.ide.mcu.externaltools.gnu-tools-for-stm32.9-2020-q2-update.win32_2.0.0.202105311346/tools/bin/../lib/gcc/arm-none-eabi/9.3.1/../../../../arm-none-eabi/lib/thumb/v7-m/nofp\libc_nano.a(lib_a-memmove.o)
 .ARM.attributes
                0x000000000000063e       0x2d d:/stmcute/stm32cubeide_1.7.0/stm32cubeide/plugins/com.st.stm32cube.ide.mcu.externaltools.gnu-tools-for-stm32.9-2020-q2-update.win32_2.0.0.202105311346/tools/bin/../lib/gcc/arm-none-eabi/9.3.1/../../../../arm-none-eabi/lib/thumb/v7-m/nofp\libc_nano.a(lib_a-nano-freer.o)
 .ARM.attributes
                0x000000000000066b       0x2d d:/stmcute/stm32cubeide_1.7.0/stm32cubeide/plugins/com.st.stm32cube.ide.mcu.externaltools.gnu-tools-for-stm32.9-2020-q2-update.win32_2.0.0.202105311346/tools/bin/../lib/gcc/arm-none-eabi/9.3.1/../../../../arm-none-eabi/lib/thumb/v7-m/nofp\libc_nano.a(lib_a-nano-mallocr.o)
 .ARM.attributes
                0x0000000000000698       0x2d d:/stmcute/stm32cubeide_1.7.0/stm32cubeide/plugins/com.st.stm32cube.ide.mcu.externaltools.gnu-tools-for-stm32.9-2020-q2-update.win32_2.0.0.202105311346/tools/bin/../lib/gcc/arm-none-eabi/9.3.1/../../../../arm-none-eabi/lib/thumb/v7-m/nofp\libc_nano.a(lib_a-nano-reallocr.o)
 .ARM.attributes
                0x00000000000006c5       0x2d d:/stmcute/stm32cubeide_1.7.0/stm32cubeide/plugins/com.st.stm32cube.ide.mcu.externaltools.gnu-tools-for-stm32.9-2020-q2-update.win32_2.0.0.202105311346/tools/bin/../lib/gcc/arm-none-eabi/9.3.1/../../../../arm-none-eabi/lib/thumb/v7-m/nofp\libc_nano.a(lib_a-sbrkr.o)
 .ARM.attributes
                0x00000000000006f2       0x2d d:/stmcute/stm32cubeide_1.7.0/stm32cubeide/plugins/com.st.stm32cube.ide.mcu.externaltools.gnu-tools-for-stm32.9-2020-q2-update.win32_2.0.0.202105311346/tools/bin/../lib/gcc/arm-none-eabi/9.3.1/../../../../arm-none-eabi/lib/thumb/v7-m/nofp\libc_nano.a(lib_a-mlock.o)
 .ARM.attributes
                0x000000000000071f       0x2d d:/stmcute/stm32cubeide_1.7.0/stm32cubeide/plugins/com.st.stm32cube.ide.mcu.externaltools.gnu-tools-for-stm32.9-2020-q2-update.win32_2.0.0.202105311346/tools/bin/../lib/gcc/arm-none-eabi/9.3.1/../../../../arm-none-eabi/lib/thumb/v7-m/nofp\libc_nano.a(lib_a-nano-msizer.o)
 .ARM.attributes
                0x000000000000074c       0x2d d:/stmcute/stm32cubeide_1.7.0/stm32cubeide/plugins/com.st.stm32cube.ide.mcu.externaltools.gnu-tools-for-stm32.9-2020-q2-update.win32_2.0.0.202105311346/tools/bin/../lib/gcc/arm-none-eabi/9.3.1/../../../../arm-none-eabi/lib/thumb/v7-m/nofp\libc_nano.a(lib_a-reent.o)
 .ARM.attributes
                0x0000000000000779       0x2d d:/stmcute/stm32cubeide_1.7.0/stm32cubeide/plugins/com.st.stm32cube.ide.mcu.externaltools.gnu-tools-for-stm32.9-2020-q2-update.win32_2.0.0.202105311346/tools/bin/../lib/gcc/arm-none-eabi/9.3.1/../../../../arm-none-eabi/lib/thumb/v7-m/nofp\libc_nano.a(lib_a-lock.o)
 .ARM.attributes
                0x00000000000007a6       0x1d d:/stmcute/stm32cubeide_1.7.0/stm32cubeide/plugins/com.st.stm32cube.ide.mcu.externaltools.gnu-tools-for-stm32.9-2020-q2-update.win32_2.0.0.202105311346/tools/bin/../lib/gcc/arm-none-eabi/9.3.1/thumb/v7-m/nofp/crtn.o
OUTPUT(TrafficLightAsss.elf elf32-littlearm)
LOAD linker stubs
LOAD d:/stmcute/stm32cubeide_1.7.0/stm32cubeide/plugins/com.st.stm32cube.ide.mcu.externaltools.gnu-tools-for-stm32.9-2020-q2-update.win32_2.0.0.202105311346/tools/bin/../lib/gcc/arm-none-eabi/9.3.1/../../../../arm-none-eabi/lib/thumb/v7-m/nofp\libc.a
LOAD d:/stmcute/stm32cubeide_1.7.0/stm32cubeide/plugins/com.st.stm32cube.ide.mcu.externaltools.gnu-tools-for-stm32.9-2020-q2-update.win32_2.0.0.202105311346/tools/bin/../lib/gcc/arm-none-eabi/9.3.1/../../../../arm-none-eabi/lib/thumb/v7-m/nofp\libm.a
LOAD d:/stmcute/stm32cubeide_1.7.0/stm32cubeide/plugins/com.st.stm32cube.ide.mcu.externaltools.gnu-tools-for-stm32.9-2020-q2-update.win32_2.0.0.202105311346/tools/bin/../lib/gcc/arm-none-eabi/9.3.1/thumb/v7-m/nofp\libgcc.a

.debug_info     0x0000000000000000    0x16503
 .debug_info    0x0000000000000000     0x139e ./Core/Src/FSM_AUTOMODE.o
 .debug_info    0x000000000000139e     0x139e ./Core/Src/FSM_MANUALMODE.o
 .debug_info    0x000000000000273c     0x139e ./Core/Src/FSM_PEDESTRIANMODE.o
 .debug_info    0x0000000000003ada     0x139e ./Core/Src/FSM_SETTINGMODE.o
 .debug_info    0x0000000000004e78     0x13c2 ./Core/Src/UART_Communication.o
 .debug_info    0x000000000000623a      0xb9b ./Core/Src/button.o
 .debug_info    0x0000000000006dd5      0xab7 ./Core/Src/displayalLED.o
 .debug_info    0x000000000000788c     0x143a ./Core/Src/global_variable.o
 .debug_info    0x0000000000008cc6     0x18f6 ./Core/Src/main.o
 .debug_info    0x000000000000a5bc     0x1586 ./Core/Src/scheduler.o
 .debug_info    0x000000000000bb42      0x40b ./Core/Src/software_timer.o
 .debug_info    0x000000000000bf4d      0xe5c ./Core/Src/stm32f1xx_hal_msp.o
 .debug_info    0x000000000000cda9      0xa2e ./Core/Src/stm32f1xx_it.o
 .debug_info    0x000000000000d7d7      0xa25 ./Core/Src/sysmem.o
 .debug_info    0x000000000000e1fc      0x2be ./Core/Src/system_stm32f1xx.o
 .debug_info    0x000000000000e4ba       0x22 ./Core/Startup/startup_stm32f103rbtx.o
 .debug_info    0x000000000000e4dc      0x76a ./Drivers/STM32F1xx_HAL_Driver/Src/stm32f1xx_hal.o
 .debug_info    0x000000000000ec46      0xbdc ./Drivers/STM32F1xx_HAL_Driver/Src/stm32f1xx_hal_cortex.o
 .debug_info    0x000000000000f822      0x81e ./Drivers/STM32F1xx_HAL_Driver/Src/stm32f1xx_hal_dma.o
 .debug_info    0x0000000000010040      0x701 ./Drivers/STM32F1xx_HAL_Driver/Src/stm32f1xx_hal_gpio.o
 .debug_info    0x0000000000010741      0x88e ./Drivers/STM32F1xx_HAL_Driver/Src/stm32f1xx_hal_rcc.o
 .debug_info    0x0000000000010fcf     0x2a45 ./Drivers/STM32F1xx_HAL_Driver/Src/stm32f1xx_hal_tim.o
 .debug_info    0x0000000000013a14     0x14d5 ./Drivers/STM32F1xx_HAL_Driver/Src/stm32f1xx_hal_tim_ex.o
 .debug_info    0x0000000000014ee9     0x161a ./Drivers/STM32F1xx_HAL_Driver/Src/stm32f1xx_hal_uart.o

.debug_abbrev   0x0000000000000000     0x2dd0
 .debug_abbrev  0x0000000000000000      0x1d7 ./Core/Src/FSM_AUTOMODE.o
 .debug_abbrev  0x00000000000001d7      0x1d7 ./Core/Src/FSM_MANUALMODE.o
 .debug_abbrev  0x00000000000003ae      0x1d7 ./Core/Src/FSM_PEDESTRIANMODE.o
 .debug_abbrev  0x0000000000000585      0x1d7 ./Core/Src/FSM_SETTINGMODE.o
 .debug_abbrev  0x000000000000075c      0x1d7 ./Core/Src/UART_Communication.o
 .debug_abbrev  0x0000000000000933      0x1ee ./Core/Src/button.o
 .debug_abbrev  0x0000000000000b21      0x189 ./Core/Src/displayalLED.o
 .debug_abbrev  0x0000000000000caa      0x1ca ./Core/Src/global_variable.o
 .debug_abbrev  0x0000000000000e74      0x2f3 ./Core/Src/main.o
 .debug_abbrev  0x0000000000001167      0x297 ./Core/Src/scheduler.o
 .debug_abbrev  0x00000000000013fe       0xa3 ./Core/Src/software_timer.o
 .debug_abbrev  0x00000000000014a1      0x1c8 ./Core/Src/stm32f1xx_hal_msp.o
 .debug_abbrev  0x0000000000001669      0x176 ./Core/Src/stm32f1xx_it.o
 .debug_abbrev  0x00000000000017df      0x1bf ./Core/Src/sysmem.o
 .debug_abbrev  0x000000000000199e      0x14e ./Core/Src/system_stm32f1xx.o
 .debug_abbrev  0x0000000000001aec       0x12 ./Core/Startup/startup_stm32f103rbtx.o
 .debug_abbrev  0x0000000000001afe      0x1ed ./Drivers/STM32F1xx_HAL_Driver/Src/stm32f1xx_hal.o
 .debug_abbrev  0x0000000000001ceb      0x313 ./Drivers/STM32F1xx_HAL_Driver/Src/stm32f1xx_hal_cortex.o
 .debug_abbrev  0x0000000000001ffe      0x228 ./Drivers/STM32F1xx_HAL_Driver/Src/stm32f1xx_hal_dma.o
 .debug_abbrev  0x0000000000002226      0x1e8 ./Drivers/STM32F1xx_HAL_Driver/Src/stm32f1xx_hal_gpio.o
 .debug_abbrev  0x000000000000240e      0x273 ./Drivers/STM32F1xx_HAL_Driver/Src/stm32f1xx_hal_rcc.o
 .debug_abbrev  0x0000000000002681      0x25e ./Drivers/STM32F1xx_HAL_Driver/Src/stm32f1xx_hal_tim.o
 .debug_abbrev  0x00000000000028df      0x266 ./Drivers/STM32F1xx_HAL_Driver/Src/stm32f1xx_hal_tim_ex.o
 .debug_abbrev  0x0000000000002b45      0x28b ./Drivers/STM32F1xx_HAL_Driver/Src/stm32f1xx_hal_uart.o

.debug_aranges  0x0000000000000000      0xe48
 .debug_aranges
                0x0000000000000000       0x20 ./Core/Src/FSM_AUTOMODE.o
 .debug_aranges
                0x0000000000000020       0x20 ./Core/Src/FSM_MANUALMODE.o
 .debug_aranges
                0x0000000000000040       0x20 ./Core/Src/FSM_PEDESTRIANMODE.o
 .debug_aranges
                0x0000000000000060       0x20 ./Core/Src/FSM_SETTINGMODE.o
 .debug_aranges
                0x0000000000000080       0x30 ./Core/Src/UART_Communication.o
 .debug_aranges
                0x00000000000000b0       0x48 ./Core/Src/button.o
 .debug_aranges
                0x00000000000000f8       0x40 ./Core/Src/displayalLED.o
 .debug_aranges
                0x0000000000000138       0x18 ./Core/Src/global_variable.o
 .debug_aranges
                0x0000000000000150       0x58 ./Core/Src/main.o
 .debug_aranges
                0x00000000000001a8       0x48 ./Core/Src/scheduler.o
 .debug_aranges
                0x00000000000001f0       0xb0 ./Core/Src/software_timer.o
 .debug_aranges
                0x00000000000002a0       0x48 ./Core/Src/stm32f1xx_hal_msp.o
 .debug_aranges
                0x00000000000002e8       0x70 ./Core/Src/stm32f1xx_it.o
 .debug_aranges
                0x0000000000000358       0x20 ./Core/Src/sysmem.o
 .debug_aranges
                0x0000000000000378       0x28 ./Core/Src/system_stm32f1xx.o
 .debug_aranges
                0x00000000000003a0       0x28 ./Core/Startup/startup_stm32f103rbtx.o
 .debug_aranges
                0x00000000000003c8       0xe0 ./Drivers/STM32F1xx_HAL_Driver/Src/stm32f1xx_hal.o
 .debug_aranges
                0x00000000000004a8      0x100 ./Drivers/STM32F1xx_HAL_Driver/Src/stm32f1xx_hal_cortex.o
 .debug_aranges
                0x00000000000005a8       0x80 ./Drivers/STM32F1xx_HAL_Driver/Src/stm32f1xx_hal_dma.o
 .debug_aranges
                0x0000000000000628       0x58 ./Drivers/STM32F1xx_HAL_Driver/Src/stm32f1xx_hal_gpio.o
 .debug_aranges
                0x0000000000000680       0x90 ./Drivers/STM32F1xx_HAL_Driver/Src/stm32f1xx_hal_rcc.o
 .debug_aranges
                0x0000000000000710      0x3d0 ./Drivers/STM32F1xx_HAL_Driver/Src/stm32f1xx_hal_tim.o
 .debug_aranges
                0x0000000000000ae0      0x168 ./Drivers/STM32F1xx_HAL_Driver/Src/stm32f1xx_hal_tim_ex.o
 .debug_aranges
                0x0000000000000c48      0x200 ./Drivers/STM32F1xx_HAL_Driver/Src/stm32f1xx_hal_uart.o

.debug_ranges   0x0000000000000000      0xcf8
 .debug_ranges  0x0000000000000000       0x10 ./Core/Src/FSM_AUTOMODE.o
 .debug_ranges  0x0000000000000010       0x10 ./Core/Src/FSM_MANUALMODE.o
 .debug_ranges  0x0000000000000020       0x10 ./Core/Src/FSM_PEDESTRIANMODE.o
 .debug_ranges  0x0000000000000030       0x10 ./Core/Src/FSM_SETTINGMODE.o
 .debug_ranges  0x0000000000000040       0x20 ./Core/Src/UART_Communication.o
 .debug_ranges  0x0000000000000060       0x38 ./Core/Src/button.o
 .debug_ranges  0x0000000000000098       0x30 ./Core/Src/displayalLED.o
 .debug_ranges  0x00000000000000c8       0x48 ./Core/Src/main.o
 .debug_ranges  0x0000000000000110       0x38 ./Core/Src/scheduler.o
 .debug_ranges  0x0000000000000148       0xa0 ./Core/Src/software_timer.o
 .debug_ranges  0x00000000000001e8       0x38 ./Core/Src/stm32f1xx_hal_msp.o
 .debug_ranges  0x0000000000000220       0x60 ./Core/Src/stm32f1xx_it.o
 .debug_ranges  0x0000000000000280       0x10 ./Core/Src/sysmem.o
 .debug_ranges  0x0000000000000290       0x18 ./Core/Src/system_stm32f1xx.o
 .debug_ranges  0x00000000000002a8       0x20 ./Core/Startup/startup_stm32f103rbtx.o
 .debug_ranges  0x00000000000002c8       0xd0 ./Drivers/STM32F1xx_HAL_Driver/Src/stm32f1xx_hal.o
 .debug_ranges  0x0000000000000398       0xf0 ./Drivers/STM32F1xx_HAL_Driver/Src/stm32f1xx_hal_cortex.o
 .debug_ranges  0x0000000000000488       0x70 ./Drivers/STM32F1xx_HAL_Driver/Src/stm32f1xx_hal_dma.o
 .debug_ranges  0x00000000000004f8       0x48 ./Drivers/STM32F1xx_HAL_Driver/Src/stm32f1xx_hal_gpio.o
 .debug_ranges  0x0000000000000540       0x80 ./Drivers/STM32F1xx_HAL_Driver/Src/stm32f1xx_hal_rcc.o
 .debug_ranges  0x00000000000005c0      0x3c0 ./Drivers/STM32F1xx_HAL_Driver/Src/stm32f1xx_hal_tim.o
 .debug_ranges  0x0000000000000980      0x158 ./Drivers/STM32F1xx_HAL_Driver/Src/stm32f1xx_hal_tim_ex.o
 .debug_ranges  0x0000000000000ad8      0x220 ./Drivers/STM32F1xx_HAL_Driver/Src/stm32f1xx_hal_uart.o

.debug_macro    0x0000000000000000    0x19fbe
 .debug_macro   0x0000000000000000      0x37b ./Core/Src/FSM_AUTOMODE.o
 .debug_macro   0x000000000000037b      0xa9c ./Core/Src/FSM_AUTOMODE.o
 .debug_macro   0x0000000000000e17       0x22 ./Core/Src/FSM_AUTOMODE.o
 .debug_macro   0x0000000000000e39       0x4c ./Core/Src/FSM_AUTOMODE.o
 .debug_macro   0x0000000000000e85       0x18 ./Core/Src/FSM_AUTOMODE.o
 .debug_macro   0x0000000000000e9d       0x94 ./Core/Src/FSM_AUTOMODE.o
 .debug_macro   0x0000000000000f31       0x3c ./Core/Src/FSM_AUTOMODE.o
 .debug_macro   0x0000000000000f6d       0x34 ./Core/Src/FSM_AUTOMODE.o
 .debug_macro   0x0000000000000fa1       0x16 ./Core/Src/FSM_AUTOMODE.o
 .debug_macro   0x0000000000000fb7       0x57 ./Core/Src/FSM_AUTOMODE.o
 .debug_macro   0x000000000000100e       0x97 ./Core/Src/FSM_AUTOMODE.o
 .debug_macro   0x00000000000010a5      0x339 ./Core/Src/FSM_AUTOMODE.o
 .debug_macro   0x00000000000013de       0xfd ./Core/Src/FSM_AUTOMODE.o
 .debug_macro   0x00000000000014db       0x10 ./Core/Src/FSM_AUTOMODE.o
 .debug_macro   0x00000000000014eb       0x16 ./Core/Src/FSM_AUTOMODE.o
 .debug_macro   0x0000000000001501       0x43 ./Core/Src/FSM_AUTOMODE.o
 .debug_macro   0x0000000000001544       0x34 ./Core/Src/FSM_AUTOMODE.o
 .debug_macro   0x0000000000001578       0x10 ./Core/Src/FSM_AUTOMODE.o
 .debug_macro   0x0000000000001588       0x58 ./Core/Src/FSM_AUTOMODE.o
 .debug_macro   0x00000000000015e0       0x71 ./Core/Src/FSM_AUTOMODE.o
 .debug_macro   0x0000000000001651       0x1c ./Core/Src/FSM_AUTOMODE.o
 .debug_macro   0x000000000000166d      0x12a ./Core/Src/FSM_AUTOMODE.o
 .debug_macro   0x0000000000001797       0x10 ./Core/Src/FSM_AUTOMODE.o
 .debug_macro   0x00000000000017a7       0x6a ./Core/Src/FSM_AUTOMODE.o
 .debug_macro   0x0000000000001811       0x1c ./Core/Src/FSM_AUTOMODE.o
 .debug_macro   0x000000000000182d       0x52 ./Core/Src/FSM_AUTOMODE.o
 .debug_macro   0x000000000000187f       0x22 ./Core/Src/FSM_AUTOMODE.o
 .debug_macro   0x00000000000018a1       0x10 ./Core/Src/FSM_AUTOMODE.o
 .debug_macro   0x00000000000018b1       0x40 ./Core/Src/FSM_AUTOMODE.o
 .debug_macro   0x00000000000018f1       0xd5 ./Core/Src/FSM_AUTOMODE.o
 .debug_macro   0x00000000000019c6       0x1c ./Core/Src/FSM_AUTOMODE.o
 .debug_macro   0x00000000000019e2       0x3d ./Core/Src/FSM_AUTOMODE.o
 .debug_macro   0x0000000000001a1f       0x16 ./Core/Src/FSM_AUTOMODE.o
 .debug_macro   0x0000000000001a35      0x145 ./Core/Src/FSM_AUTOMODE.o
 .debug_macro   0x0000000000001b7a      0x21b ./Core/Src/FSM_AUTOMODE.o
 .debug_macro   0x0000000000001d95       0x2e ./Core/Src/FSM_AUTOMODE.o
 .debug_macro   0x0000000000001dc3       0x22 ./Core/Src/FSM_AUTOMODE.o
 .debug_macro   0x0000000000001de5      0x103 ./Core/Src/FSM_AUTOMODE.o
 .debug_macro   0x0000000000001ee8      0x1df ./Core/Src/FSM_AUTOMODE.o
 .debug_macro   0x00000000000020c7       0x1c ./Core/Src/FSM_AUTOMODE.o
 .debug_macro   0x00000000000020e3       0x22 ./Core/Src/FSM_AUTOMODE.o
 .debug_macro   0x0000000000002105       0xbd ./Core/Src/FSM_AUTOMODE.o
 .debug_macro   0x00000000000021c2      0xd23 ./Core/Src/FSM_AUTOMODE.o
 .debug_macro   0x0000000000002ee5     0xe09e ./Core/Src/FSM_AUTOMODE.o
 .debug_macro   0x0000000000010f83       0x6d ./Core/Src/FSM_AUTOMODE.o
 .debug_macro   0x0000000000010ff0     0x3468 ./Core/Src/FSM_AUTOMODE.o
 .debug_macro   0x0000000000014458       0x56 ./Core/Src/FSM_AUTOMODE.o
 .debug_macro   0x00000000000144ae      0x5be ./Core/Src/FSM_AUTOMODE.o
 .debug_macro   0x0000000000014a6c      0x289 ./Core/Src/FSM_AUTOMODE.o
 .debug_macro   0x0000000000014cf5      0x1cb ./Core/Src/FSM_AUTOMODE.o
 .debug_macro   0x0000000000014ec0      0x114 ./Core/Src/FSM_AUTOMODE.o
 .debug_macro   0x0000000000014fd4      0x1b2 ./Core/Src/FSM_AUTOMODE.o
 .debug_macro   0x0000000000015186       0x27 ./Core/Src/FSM_AUTOMODE.o
 .debug_macro   0x00000000000151ad      0x136 ./Core/Src/FSM_AUTOMODE.o
 .debug_macro   0x00000000000152e3      0x1bc ./Core/Src/FSM_AUTOMODE.o
 .debug_macro   0x000000000001549f       0x34 ./Core/Src/FSM_AUTOMODE.o
 .debug_macro   0x00000000000154d3       0x3c ./Core/Src/FSM_AUTOMODE.o
 .debug_macro   0x000000000001550f       0x57 ./Core/Src/FSM_AUTOMODE.o
 .debug_macro   0x0000000000015566       0x88 ./Core/Src/FSM_AUTOMODE.o
 .debug_macro   0x00000000000155ee      0x241 ./Core/Src/FSM_AUTOMODE.o
 .debug_macro   0x000000000001582f      0x141 ./Core/Src/FSM_AUTOMODE.o
 .debug_macro   0x0000000000015970      0x8d1 ./Core/Src/FSM_AUTOMODE.o
 .debug_macro   0x0000000000016241      0x279 ./Core/Src/FSM_AUTOMODE.o
 .debug_macro   0x00000000000164ba       0x83 ./Core/Src/FSM_AUTOMODE.o
 .debug_macro   0x000000000001653d       0x7c ./Core/Src/FSM_AUTOMODE.o
 .debug_macro   0x00000000000165b9       0x10 ./Core/Src/FSM_AUTOMODE.o
 .debug_macro   0x00000000000165c9       0x94 ./Core/Src/FSM_AUTOMODE.o
 .debug_macro   0x000000000001665d      0x37b ./Core/Src/FSM_MANUALMODE.o
 .debug_macro   0x00000000000169d8      0x37b ./Core/Src/FSM_PEDESTRIANMODE.o
 .debug_macro   0x0000000000016d53      0x37b ./Core/Src/FSM_SETTINGMODE.o
 .debug_macro   0x00000000000170ce      0x37b ./Core/Src/UART_Communication.o
 .debug_macro   0x0000000000017449      0x1da ./Core/Src/button.o
 .debug_macro   0x0000000000017623       0x8e ./Core/Src/button.o
 .debug_macro   0x00000000000176b1       0x51 ./Core/Src/button.o
 .debug_macro   0x0000000000017702       0xc3 ./Core/Src/button.o
 .debug_macro   0x00000000000177c5      0x174 ./Core/Src/button.o
 .debug_macro   0x0000000000017939       0x5c ./Core/Src/button.o
 .debug_macro   0x0000000000017995      0x1bc ./Core/Src/displayalLED.o
 .debug_macro   0x0000000000017b51      0x377 ./Core/Src/global_variable.o
 .debug_macro   0x0000000000017ec8      0x389 ./Core/Src/main.o
 .debug_macro   0x0000000000018251       0x52 ./Core/Src/main.o
 .debug_macro   0x00000000000182a3       0x35 ./Core/Src/main.o
 .debug_macro   0x00000000000182d8      0x333 ./Core/Src/main.o
 .debug_macro   0x000000000001860b      0x38c ./Core/Src/scheduler.o
 .debug_macro   0x0000000000018997       0x21 ./Core/Src/software_timer.o
 .debug_macro   0x00000000000189b8      0x1b2 ./Core/Src/stm32f1xx_hal_msp.o
 .debug_macro   0x0000000000018b6a      0x1bc ./Core/Src/stm32f1xx_it.o
 .debug_macro   0x0000000000018d26       0xff ./Core/Src/sysmem.o
 .debug_macro   0x0000000000018e25      0x23b ./Core/Src/sysmem.o
 .debug_macro   0x0000000000019060      0x1a3 ./Core/Src/system_stm32f1xx.o
 .debug_macro   0x0000000000019203      0x1c7 ./Drivers/STM32F1xx_HAL_Driver/Src/stm32f1xx_hal.o
 .debug_macro   0x00000000000193ca      0x1a3 ./Drivers/STM32F1xx_HAL_Driver/Src/stm32f1xx_hal_cortex.o
 .debug_macro   0x000000000001956d      0x1a3 ./Drivers/STM32F1xx_HAL_Driver/Src/stm32f1xx_hal_dma.o
 .debug_macro   0x0000000000019710      0x20e ./Drivers/STM32F1xx_HAL_Driver/Src/stm32f1xx_hal_gpio.o
 .debug_macro   0x000000000001991e      0x1b5 ./Drivers/STM32F1xx_HAL_Driver/Src/stm32f1xx_hal_rcc.o
 .debug_macro   0x0000000000019ad3      0x1a4 ./Drivers/STM32F1xx_HAL_Driver/Src/stm32f1xx_hal_tim.o
 .debug_macro   0x0000000000019c77      0x1a3 ./Drivers/STM32F1xx_HAL_Driver/Src/stm32f1xx_hal_tim_ex.o
 .debug_macro   0x0000000000019e1a      0x1a4 ./Drivers/STM32F1xx_HAL_Driver/Src/stm32f1xx_hal_uart.o

.debug_line     0x0000000000000000    0x11ec6
 .debug_line    0x0000000000000000      0xa7e ./Core/Src/FSM_AUTOMODE.o
 .debug_line    0x0000000000000a7e      0xa3b ./Core/Src/FSM_MANUALMODE.o
 .debug_line    0x00000000000014b9      0x9a2 ./Core/Src/FSM_PEDESTRIANMODE.o
 .debug_line    0x0000000000001e5b      0xa39 ./Core/Src/FSM_SETTINGMODE.o
 .debug_line    0x0000000000002894      0x9fd ./Core/Src/UART_Communication.o
 .debug_line    0x0000000000003291      0x7b2 ./Core/Src/button.o
 .debug_line    0x0000000000003a43      0x762 ./Core/Src/displayalLED.o
 .debug_line    0x00000000000041a5      0x91e ./Core/Src/global_variable.o
 .debug_line    0x0000000000004ac3      0xb0f ./Core/Src/main.o
 .debug_line    0x00000000000055d2      0xbde ./Core/Src/scheduler.o
 .debug_line    0x00000000000061b0      0x30d ./Core/Src/software_timer.o
 .debug_line    0x00000000000064bd      0x76e ./Core/Src/stm32f1xx_hal_msp.o
 .debug_line    0x0000000000006c2b      0x783 ./Core/Src/stm32f1xx_it.o
 .debug_line    0x00000000000073ae      0x511 ./Core/Src/sysmem.o
 .debug_line    0x00000000000078bf      0x70f ./Core/Src/system_stm32f1xx.o
 .debug_line    0x0000000000007fce       0x87 ./Core/Startup/startup_stm32f103rbtx.o
 .debug_line    0x0000000000008055      0x93c ./Drivers/STM32F1xx_HAL_Driver/Src/stm32f1xx_hal.o
 .debug_line    0x0000000000008991      0xb24 ./Drivers/STM32F1xx_HAL_Driver/Src/stm32f1xx_hal_cortex.o
 .debug_line    0x00000000000094b5      0xd94 ./Drivers/STM32F1xx_HAL_Driver/Src/stm32f1xx_hal_dma.o
 .debug_line    0x000000000000a249      0x9d3 ./Drivers/STM32F1xx_HAL_Driver/Src/stm32f1xx_hal_gpio.o
 .debug_line    0x000000000000ac1c      0xd4a ./Drivers/STM32F1xx_HAL_Driver/Src/stm32f1xx_hal_rcc.o
 .debug_line    0x000000000000b966     0x32e5 ./Drivers/STM32F1xx_HAL_Driver/Src/stm32f1xx_hal_tim.o
 .debug_line    0x000000000000ec4b     0x1864 ./Drivers/STM32F1xx_HAL_Driver/Src/stm32f1xx_hal_tim_ex.o
 .debug_line    0x00000000000104af     0x1a17 ./Drivers/STM32F1xx_HAL_Driver/Src/stm32f1xx_hal_uart.o

.debug_str      0x0000000000000000    0x8b4a6
 .debug_str     0x0000000000000000    0x87d10 ./Core/Src/FSM_AUTOMODE.o
                                      0x88199 (size before relaxing)
 .debug_str     0x0000000000087d10       0x2d ./Core/Src/FSM_MANUALMODE.o
                                      0x8819e (size before relaxing)
 .debug_str     0x0000000000087d3d       0x30 ./Core/Src/FSM_PEDESTRIANMODE.o
                                      0x881a1 (size before relaxing)
 .debug_str     0x0000000000087d6d       0x2f ./Core/Src/FSM_SETTINGMODE.o
                                      0x881a0 (size before relaxing)
 .debug_str     0x0000000000087d9c       0x47 ./Core/Src/UART_Communication.o
                                      0x881b8 (size before relaxing)
 .debug_str     0x0000000000087de3      0x1c4 ./Core/Src/button.o
                                      0x83e48 (size before relaxing)
 .debug_str     0x0000000000087fa7       0x70 ./Core/Src/displayalLED.o
                                      0x83d2d (size before relaxing)
 .debug_str     0x0000000000088017       0x1e ./Core/Src/global_variable.o
                                      0x8818f (size before relaxing)
 .debug_str     0x0000000000088035      0x34f ./Core/Src/main.o
                                      0x88501 (size before relaxing)
 .debug_str     0x0000000000088384       0xca ./Core/Src/scheduler.o
                                      0x88252 (size before relaxing)
 .debug_str     0x000000000008844e       0xff ./Core/Src/software_timer.o
                                       0x2f59 (size before relaxing)
 .debug_str     0x000000000008854d      0x332 ./Core/Src/stm32f1xx_hal_msp.o
                                      0x84099 (size before relaxing)
 .debug_str     0x000000000008887f       0xdf ./Core/Src/stm32f1xx_it.o
                                      0x83d47 (size before relaxing)
 .debug_str     0x000000000008895e      0x4e9 ./Core/Src/sysmem.o
                                       0x624f (size before relaxing)
 .debug_str     0x0000000000088e47       0x52 ./Core/Src/system_stm32f1xx.o
                                      0x83447 (size before relaxing)
 .debug_str     0x0000000000088e99       0x36 ./Core/Startup/startup_stm32f103rbtx.o
                                         0x63 (size before relaxing)
 .debug_str     0x0000000000088ecf      0x304 ./Drivers/STM32F1xx_HAL_Driver/Src/stm32f1xx_hal.o
                                      0x83ad8 (size before relaxing)
 .debug_str     0x00000000000891d3      0x300 ./Drivers/STM32F1xx_HAL_Driver/Src/stm32f1xx_hal_cortex.o
                                      0x83ae0 (size before relaxing)
 .debug_str     0x00000000000894d3      0x230 ./Drivers/STM32F1xx_HAL_Driver/Src/stm32f1xx_hal_dma.o
                                      0x83822 (size before relaxing)
 .debug_str     0x0000000000089703      0x311 ./Drivers/STM32F1xx_HAL_Driver/Src/stm32f1xx_hal_gpio.o
                                      0x8380b (size before relaxing)
 .debug_str     0x0000000000089a14      0x24f ./Drivers/STM32F1xx_HAL_Driver/Src/stm32f1xx_hal_rcc.o
                                      0x83844 (size before relaxing)
 .debug_str     0x0000000000089c63      0xd68 ./Drivers/STM32F1xx_HAL_Driver/Src/stm32f1xx_hal_tim.o
                                      0x84816 (size before relaxing)
 .debug_str     0x000000000008a9cb      0x4ee ./Drivers/STM32F1xx_HAL_Driver/Src/stm32f1xx_hal_tim_ex.o
                                      0x83fc7 (size before relaxing)
 .debug_str     0x000000000008aeb9      0x5ed ./Drivers/STM32F1xx_HAL_Driver/Src/stm32f1xx_hal_uart.o
                                      0x83e36 (size before relaxing)

.comment        0x0000000000000000       0x53
 .comment       0x0000000000000000       0x53 ./Core/Src/FSM_AUTOMODE.o
                                         0x54 (size before relaxing)
 .comment       0x0000000000000053       0x54 ./Core/Src/FSM_MANUALMODE.o
 .comment       0x0000000000000053       0x54 ./Core/Src/FSM_PEDESTRIANMODE.o
 .comment       0x0000000000000053       0x54 ./Core/Src/FSM_SETTINGMODE.o
 .comment       0x0000000000000053       0x54 ./Core/Src/UART_Communication.o
 .comment       0x0000000000000053       0x54 ./Core/Src/button.o
 .comment       0x0000000000000053       0x54 ./Core/Src/displayalLED.o
 .comment       0x0000000000000053       0x54 ./Core/Src/global_variable.o
 .comment       0x0000000000000053       0x54 ./Core/Src/main.o
 .comment       0x0000000000000053       0x54 ./Core/Src/scheduler.o
 .comment       0x0000000000000053       0x54 ./Core/Src/software_timer.o
 .comment       0x0000000000000053       0x54 ./Core/Src/stm32f1xx_hal_msp.o
 .comment       0x0000000000000053       0x54 ./Core/Src/stm32f1xx_it.o
 .comment       0x0000000000000053       0x54 ./Core/Src/sysmem.o
 .comment       0x0000000000000053       0x54 ./Core/Src/system_stm32f1xx.o
 .comment       0x0000000000000053       0x54 ./Drivers/STM32F1xx_HAL_Driver/Src/stm32f1xx_hal.o
 .comment       0x0000000000000053       0x54 ./Drivers/STM32F1xx_HAL_Driver/Src/stm32f1xx_hal_cortex.o
 .comment       0x0000000000000053       0x54 ./Drivers/STM32F1xx_HAL_Driver/Src/stm32f1xx_hal_dma.o
 .comment       0x0000000000000053       0x54 ./Drivers/STM32F1xx_HAL_Driver/Src/stm32f1xx_hal_gpio.o
 .comment       0x0000000000000053       0x54 ./Drivers/STM32F1xx_HAL_Driver/Src/stm32f1xx_hal_rcc.o
 .comment       0x0000000000000053       0x54 ./Drivers/STM32F1xx_HAL_Driver/Src/stm32f1xx_hal_tim.o
 .comment       0x0000000000000053       0x54 ./Drivers/STM32F1xx_HAL_Driver/Src/stm32f1xx_hal_tim_ex.o
 .comment       0x0000000000000053       0x54 ./Drivers/STM32F1xx_HAL_Driver/Src/stm32f1xx_hal_uart.o

.debug_frame    0x0000000000000000     0x3c84
 .debug_frame   0x0000000000000000       0x2c ./Core/Src/FSM_AUTOMODE.o
 .debug_frame   0x000000000000002c       0x2c ./Core/Src/FSM_MANUALMODE.o
 .debug_frame   0x0000000000000058       0x2c ./Core/Src/FSM_PEDESTRIANMODE.o
 .debug_frame   0x0000000000000084       0x2c ./Core/Src/FSM_SETTINGMODE.o
 .debug_frame   0x00000000000000b0       0x6c ./Core/Src/UART_Communication.o
 .debug_frame   0x000000000000011c       0xf8 ./Core/Src/button.o
 .debug_frame   0x0000000000000214       0xc4 ./Core/Src/displayalLED.o
 .debug_frame   0x00000000000002d8      0x114 ./Core/Src/main.o
 .debug_frame   0x00000000000003ec       0xf0 ./Core/Src/scheduler.o
 .debug_frame   0x00000000000004dc      0x2b8 ./Core/Src/software_timer.o
 .debug_frame   0x0000000000000794       0xec ./Core/Src/stm32f1xx_hal_msp.o
 .debug_frame   0x0000000000000880      0x13c ./Core/Src/stm32f1xx_it.o
 .debug_frame   0x00000000000009bc       0x34 ./Core/Src/sysmem.o
 .debug_frame   0x00000000000009f0       0x58 ./Core/Src/system_stm32f1xx.o
 .debug_frame   0x0000000000000a48      0x334 ./Drivers/STM32F1xx_HAL_Driver/Src/stm32f1xx_hal.o
 .debug_frame   0x0000000000000d7c      0x428 ./Drivers/STM32F1xx_HAL_Driver/Src/stm32f1xx_hal_cortex.o
 .debug_frame   0x00000000000011a4      0x208 ./Drivers/STM32F1xx_HAL_Driver/Src/stm32f1xx_hal_dma.o
 .debug_frame   0x00000000000013ac      0x14c ./Drivers/STM32F1xx_HAL_Driver/Src/stm32f1xx_hal_gpio.o
 .debug_frame   0x00000000000014f8      0x21c ./Drivers/STM32F1xx_HAL_Driver/Src/stm32f1xx_hal_rcc.o
 .debug_frame   0x0000000000001714     0x11b8 ./Drivers/STM32F1xx_HAL_Driver/Src/stm32f1xx_hal_tim.o
 .debug_frame   0x00000000000028cc      0x638 ./Drivers/STM32F1xx_HAL_Driver/Src/stm32f1xx_hal_tim_ex.o
 .debug_frame   0x0000000000002f04      0x914 ./Drivers/STM32F1xx_HAL_Driver/Src/stm32f1xx_hal_uart.o
 .debug_frame   0x0000000000003818       0x20 d:/stmcute/stm32cubeide_1.7.0/stm32cubeide/plugins/com.st.stm32cube.ide.mcu.externaltools.gnu-tools-for-stm32.9-2020-q2-update.win32_2.0.0.202105311346/tools/bin/../lib/gcc/arm-none-eabi/9.3.1/../../../../arm-none-eabi/lib/thumb/v7-m/nofp\libc_nano.a(lib_a-errno.o)
 .debug_frame   0x0000000000003838       0x2c d:/stmcute/stm32cubeide_1.7.0/stm32cubeide/plugins/com.st.stm32cube.ide.mcu.externaltools.gnu-tools-for-stm32.9-2020-q2-update.win32_2.0.0.202105311346/tools/bin/../lib/gcc/arm-none-eabi/9.3.1/../../../../arm-none-eabi/lib/thumb/v7-m/nofp\libc_nano.a(lib_a-init.o)
 .debug_frame   0x0000000000003864       0x20 d:/stmcute/stm32cubeide_1.7.0/stm32cubeide/plugins/com.st.stm32cube.ide.mcu.externaltools.gnu-tools-for-stm32.9-2020-q2-update.win32_2.0.0.202105311346/tools/bin/../lib/gcc/arm-none-eabi/9.3.1/../../../../arm-none-eabi/lib/thumb/v7-m/nofp\libc_nano.a(lib_a-memset.o)
 .debug_frame   0x0000000000003884       0x6c d:/stmcute/stm32cubeide_1.7.0/stm32cubeide/plugins/com.st.stm32cube.ide.mcu.externaltools.gnu-tools-for-stm32.9-2020-q2-update.win32_2.0.0.202105311346/tools/bin/../lib/gcc/arm-none-eabi/9.3.1/../../../../arm-none-eabi/lib/thumb/v7-m/nofp\libc_nano.a(lib_a-sprintf.o)
 .debug_frame   0x00000000000038f0       0x90 d:/stmcute/stm32cubeide_1.7.0/stm32cubeide/plugins/com.st.stm32cube.ide.mcu.externaltools.gnu-tools-for-stm32.9-2020-q2-update.win32_2.0.0.202105311346/tools/bin/../lib/gcc/arm-none-eabi/9.3.1/../../../../arm-none-eabi/lib/thumb/v7-m/nofp\libc_nano.a(lib_a-nano-svfprintf.o)
 .debug_frame   0x0000000000003980       0x60 d:/stmcute/stm32cubeide_1.7.0/stm32cubeide/plugins/com.st.stm32cube.ide.mcu.externaltools.gnu-tools-for-stm32.9-2020-q2-update.win32_2.0.0.202105311346/tools/bin/../lib/gcc/arm-none-eabi/9.3.1/../../../../arm-none-eabi/lib/thumb/v7-m/nofp\libc_nano.a(lib_a-nano-vfprintf_i.o)
 .debug_frame   0x00000000000039e0       0x28 d:/stmcute/stm32cubeide_1.7.0/stm32cubeide/plugins/com.st.stm32cube.ide.mcu.externaltools.gnu-tools-for-stm32.9-2020-q2-update.win32_2.0.0.202105311346/tools/bin/../lib/gcc/arm-none-eabi/9.3.1/../../../../arm-none-eabi/lib/thumb/v7-m/nofp\libc_nano.a(lib_a-memchr-stub.o)
 .debug_frame   0x0000000000003a08       0x28 d:/stmcute/stm32cubeide_1.7.0/stm32cubeide/plugins/com.st.stm32cube.ide.mcu.externaltools.gnu-tools-for-stm32.9-2020-q2-update.win32_2.0.0.202105311346/tools/bin/../lib/gcc/arm-none-eabi/9.3.1/../../../../arm-none-eabi/lib/thumb/v7-m/nofp\libc_nano.a(lib_a-memcpy-stub.o)
 .debug_frame   0x0000000000003a30       0x28 d:/stmcute/stm32cubeide_1.7.0/stm32cubeide/plugins/com.st.stm32cube.ide.mcu.externaltools.gnu-tools-for-stm32.9-2020-q2-update.win32_2.0.0.202105311346/tools/bin/../lib/gcc/arm-none-eabi/9.3.1/../../../../arm-none-eabi/lib/thumb/v7-m/nofp\libc_nano.a(lib_a-memmove.o)